Performing C SOURCE FILE Test CMAKE_HAVE_LIBC_PTHREAD failed with the following output:
Change Dir: /uolstore/home/users/sc23j3k/bimanual_control/bimanual_ws/build/CMakeFiles/CMakeTmp

Run Build Command(s):/usr/bin/make cmTC_d13b9/fast && /usr/bin/make -f CMakeFiles/cmTC_d13b9.dir/build.make CMakeFiles/cmTC_d13b9.dir/build
make[1]: Entering directory '/uolstore/home/users/sc23j3k/bimanual_control/bimanual_ws/build/CMakeFiles/CMakeTmp'
Building C object CMakeFiles/cmTC_d13b9.dir/src.c.o
/usr/bin/cc   -DCMAKE_HAVE_LIBC_PTHREAD   -o CMakeFiles/cmTC_d13b9.dir/src.c.o   -c /uolstore/home/users/sc23j3k/bimanual_control/bimanual_ws/build/CMakeFiles/CMakeTmp/src.c
Linking C executable cmTC_d13b9
/usr/bin/cmake -E cmake_link_script CMakeFiles/cmTC_d13b9.dir/link.txt --verbose=1
/usr/bin/cc  -DCMAKE_HAVE_LIBC_PTHREAD    -rdynamic CMakeFiles/cmTC_d13b9.dir/src.c.o  -o cmTC_d13b9 
/usr/bin/ld: CMakeFiles/cmTC_d13b9.dir/src.c.o: in function `main':
src.c:(.text+0x46): undefined reference to `pthread_create'
/usr/bin/ld: src.c:(.text+0x52): undefined reference to `pthread_detach'
/usr/bin/ld: src.c:(.text+0x63): undefined reference to `pthread_join'
collect2: error: ld returned 1 exit status
make[1]: *** [CMakeFiles/cmTC_d13b9.dir/build.make:87: cmTC_d13b9] Error 1
make[1]: Leaving directory '/uolstore/home/users/sc23j3k/bimanual_control/bimanual_ws/build/CMakeFiles/CMakeTmp'
make: *** [Makefile:121: cmTC_d13b9/fast] Error 2


Source file was:
#include <pthread.h>

void* test_func(void* data)
{
  return data;
}

int main(void)
{
  pthread_t thread;
  pthread_create(&thread, NULL, test_func, NULL);
  pthread_detach(thread);
  pthread_join(thread, NULL);
  pthread_atfork(NULL, NULL, NULL);
  pthread_exit(NULL);

  return 0;
}

Determining if the function pthread_create exists in the pthreads failed with the following output:
Change Dir: /uolstore/home/users/sc23j3k/bimanual_control/bimanual_ws/build/CMakeFiles/CMakeTmp

Run Build Command(s):/usr/bin/make cmTC_3b8c0/fast && /usr/bin/make -f CMakeFiles/cmTC_3b8c0.dir/build.make CMakeFiles/cmTC_3b8c0.dir/build
make[1]: Entering directory '/uolstore/home/users/sc23j3k/bimanual_control/bimanual_ws/build/CMakeFiles/CMakeTmp'
Building C object CMakeFiles/cmTC_3b8c0.dir/CheckFunctionExists.c.o
/usr/bin/cc   -DCHECK_FUNCTION_EXISTS=pthread_create   -o CMakeFiles/cmTC_3b8c0.dir/CheckFunctionExists.c.o   -c /usr/share/cmake-3.16/Modules/CheckFunctionExists.c
Linking C executable cmTC_3b8c0
/usr/bin/cmake -E cmake_link_script CMakeFiles/cmTC_3b8c0.dir/link.txt --verbose=1
/usr/bin/cc  -DCHECK_FUNCTION_EXISTS=pthread_create    -rdynamic CMakeFiles/cmTC_3b8c0.dir/CheckFunctionExists.c.o  -o cmTC_3b8c0  -lpthreads 
/usr/bin/ld: cannot find -lpthreads
collect2: error: ld returned 1 exit status
make[1]: *** [CMakeFiles/cmTC_3b8c0.dir/build.make:87: cmTC_3b8c0] Error 1
make[1]: Leaving directory '/uolstore/home/users/sc23j3k/bimanual_control/bimanual_ws/build/CMakeFiles/CMakeTmp'
make: *** [Makefile:121: cmTC_3b8c0/fast] Error 2



Performing C SOURCE FILE Test SUPPORTS_LLD failed with the following output:
Change Dir: /uolstore/home/users/sc23j3k/bimanual_control/bimanual_ws/build/CMakeFiles/CMakeTmp

Run Build Command(s):/usr/bin/make cmTC_176ee/fast && /usr/bin/make -f CMakeFiles/cmTC_176ee.dir/build.make CMakeFiles/cmTC_176ee.dir/build
make[1]: Entering directory '/uolstore/home/users/sc23j3k/bimanual_control/bimanual_ws/build/CMakeFiles/CMakeTmp'
Building C object CMakeFiles/cmTC_176ee.dir/src.c.o
/usr/bin/cc   -DSUPPORTS_LLD -fuse-ld=lld -fPIE   -o CMakeFiles/cmTC_176ee.dir/src.c.o   -c /uolstore/home/users/sc23j3k/bimanual_control/bimanual_ws/build/CMakeFiles/CMakeTmp/src.c
Linking C executable cmTC_176ee
/usr/bin/cmake -E cmake_link_script CMakeFiles/cmTC_176ee.dir/link.txt --verbose=1
/usr/bin/cc  -DSUPPORTS_LLD -fuse-ld=lld    -rdynamic CMakeFiles/cmTC_176ee.dir/src.c.o  -o cmTC_176ee 
collect2: fatal error: cannot find ‘ld’
compilation terminated.
make[1]: *** [CMakeFiles/cmTC_176ee.dir/build.make:87: cmTC_176ee] Error 1
make[1]: Leaving directory '/uolstore/home/users/sc23j3k/bimanual_control/bimanual_ws/build/CMakeFiles/CMakeTmp'
make: *** [Makefile:121: cmTC_176ee/fast] Error 2


Source file was:
int main() {}
Performing C SOURCE FILE Test CMAKE_HAVE_LIBC_PTHREAD failed with the following output:
Change Dir: /uolstore/home/users/sc23j3k/bimanual_control/bimanual_ws/build/CMakeFiles/CMakeTmp

Run Build Command(s):/usr/bin/make -f Makefile cmTC_00866/fast && make[1]: Entering directory '/uolstore/home/users/sc23j3k/bimanual_control/bimanual_ws/build/CMakeFiles/CMakeTmp'
/usr/bin/make  -f CMakeFiles/cmTC_00866.dir/build.make CMakeFiles/cmTC_00866.dir/build
make[2]: Entering directory '/uolstore/home/users/sc23j3k/bimanual_control/bimanual_ws/build/CMakeFiles/CMakeTmp'
Building C object CMakeFiles/cmTC_00866.dir/src.c.o
/usr/bin/cc -DCMAKE_HAVE_LIBC_PTHREAD   -o CMakeFiles/cmTC_00866.dir/src.c.o -c /uolstore/home/users/sc23j3k/bimanual_control/bimanual_ws/build/CMakeFiles/CMakeTmp/src.c
Linking C executable cmTC_00866
/uolstore/home/users/sc23j3k/.local/lib/python3.8/site-packages/cmake/data/bin/cmake -E cmake_link_script CMakeFiles/cmTC_00866.dir/link.txt --verbose=1
/usr/bin/cc -rdynamic CMakeFiles/cmTC_00866.dir/src.c.o -o cmTC_00866 
/usr/bin/ld: CMakeFiles/cmTC_00866.dir/src.c.o: in function `main':
src.c:(.text+0x46): undefined reference to `pthread_create'
/usr/bin/ld: src.c:(.text+0x52): undefined reference to `pthread_detach'
/usr/bin/ld: src.c:(.text+0x5e): undefined reference to `pthread_cancel'
/usr/bin/ld: src.c:(.text+0x6f): undefined reference to `pthread_join'
collect2: error: ld returned 1 exit status
make[2]: *** [CMakeFiles/cmTC_00866.dir/build.make:99: cmTC_00866] Error 1
make[2]: Leaving directory '/uolstore/home/users/sc23j3k/bimanual_control/bimanual_ws/build/CMakeFiles/CMakeTmp'
make[1]: *** [Makefile:127: cmTC_00866/fast] Error 2
make[1]: Leaving directory '/uolstore/home/users/sc23j3k/bimanual_control/bimanual_ws/build/CMakeFiles/CMakeTmp'


Source file was:
#include <pthread.h>

static void* test_func(void* data)
{
  return data;
}

int main(void)
{
  pthread_t thread;
  pthread_create(&thread, NULL, test_func, NULL);
  pthread_detach(thread);
  pthread_cancel(thread);
  pthread_join(thread, NULL);
  pthread_atfork(NULL, NULL, NULL);
  pthread_exit(NULL);

  return 0;
}

Determining if the function pthread_create exists in the pthreads failed with the following output:
Change Dir: /uolstore/home/users/sc23j3k/bimanual_control/bimanual_ws/build/CMakeFiles/CMakeTmp

Run Build Command(s):/usr/bin/make -f Makefile cmTC_f040c/fast && make[1]: Entering directory '/uolstore/home/users/sc23j3k/bimanual_control/bimanual_ws/build/CMakeFiles/CMakeTmp'
/usr/bin/make  -f CMakeFiles/cmTC_f040c.dir/build.make CMakeFiles/cmTC_f040c.dir/build
make[2]: Entering directory '/uolstore/home/users/sc23j3k/bimanual_control/bimanual_ws/build/CMakeFiles/CMakeTmp'
Building C object CMakeFiles/cmTC_f040c.dir/CheckFunctionExists.c.o
/usr/bin/cc   -DCHECK_FUNCTION_EXISTS=pthread_create -o CMakeFiles/cmTC_f040c.dir/CheckFunctionExists.c.o -c /uolstore/home/users/sc23j3k/.local/lib/python3.8/site-packages/cmake/data/share/cmake-3.22/Modules/CheckFunctionExists.c
Linking C executable cmTC_f040c
/uolstore/home/users/sc23j3k/.local/lib/python3.8/site-packages/cmake/data/bin/cmake -E cmake_link_script CMakeFiles/cmTC_f040c.dir/link.txt --verbose=1
/usr/bin/cc  -DCHECK_FUNCTION_EXISTS=pthread_create -rdynamic CMakeFiles/cmTC_f040c.dir/CheckFunctionExists.c.o -o cmTC_f040c  -lpthreads 
/usr/bin/ld: cannot find -lpthreads
collect2: error: ld returned 1 exit status
make[2]: *** [CMakeFiles/cmTC_f040c.dir/build.make:99: cmTC_f040c] Error 1
make[2]: Leaving directory '/uolstore/home/users/sc23j3k/bimanual_control/bimanual_ws/build/CMakeFiles/CMakeTmp'
make[1]: *** [Makefile:127: cmTC_f040c/fast] Error 2
make[1]: Leaving directory '/uolstore/home/users/sc23j3k/bimanual_control/bimanual_ws/build/CMakeFiles/CMakeTmp'



Performing C SOURCE FILE Test SUPPORTS_LLD failed with the following output:
Change Dir: /uolstore/home/users/sc23j3k/bimanual_control/bimanual_ws/build/CMakeFiles/CMakeTmp

Run Build Command(s):/usr/bin/make -f Makefile cmTC_2cabc/fast && make[1]: Entering directory '/uolstore/home/users/sc23j3k/bimanual_control/bimanual_ws/build/CMakeFiles/CMakeTmp'
/usr/bin/make  -f CMakeFiles/cmTC_2cabc.dir/build.make CMakeFiles/cmTC_2cabc.dir/build
make[2]: Entering directory '/uolstore/home/users/sc23j3k/bimanual_control/bimanual_ws/build/CMakeFiles/CMakeTmp'
Building C object CMakeFiles/cmTC_2cabc.dir/src.c.o
/usr/bin/cc -DSUPPORTS_LLD  -fuse-ld=lld -fPIE -o CMakeFiles/cmTC_2cabc.dir/src.c.o -c /uolstore/home/users/sc23j3k/bimanual_control/bimanual_ws/build/CMakeFiles/CMakeTmp/src.c
Linking C executable cmTC_2cabc
/uolstore/home/users/sc23j3k/.local/lib/python3.8/site-packages/cmake/data/bin/cmake -E cmake_link_script CMakeFiles/cmTC_2cabc.dir/link.txt --verbose=1
/usr/bin/cc  -fuse-ld=lld -rdynamic CMakeFiles/cmTC_2cabc.dir/src.c.o -o cmTC_2cabc 
collect2: fatal error: cannot find ‘ld’
compilation terminated.
make[2]: *** [CMakeFiles/cmTC_2cabc.dir/build.make:99: cmTC_2cabc] Error 1
make[2]: Leaving directory '/uolstore/home/users/sc23j3k/bimanual_control/bimanual_ws/build/CMakeFiles/CMakeTmp'
make[1]: *** [Makefile:127: cmTC_2cabc/fast] Error 2
make[1]: Leaving directory '/uolstore/home/users/sc23j3k/bimanual_control/bimanual_ws/build/CMakeFiles/CMakeTmp'


Source file was:
int main() {}
