Not searching for unused variables given on the command line.
[36m--[0m CMAKE_BUILD_TYPE not set. Defaulting to 'Release'.
[36m--[0m Using CATKIN_DEVEL_PREFIX: /uolstore/home/users/sc23j3k/bimanual_control/bimanual_ws/devel
[36m--[0m Using CMAKE_PREFIX_PATH: /uolstore/home/users/sc23j3k/.local;/opt/ros/noetic
[36m--[0m This workspace overlays: /uolstore/home/users/sc23j3k/.local;/opt/ros/noetic
[36m--[0m Found PythonInterp: /usr/bin/python3 (found suitable version "3.8.10", minimum required is "3")
[36m--[0m Using PYTHON_EXECUTABLE: /usr/bin/python3
[36m--[0m Using Debian Python package layout
[36m--[0m Using empy: /usr/lib/python3/dist-packages/em.py
[36m--[0m Using CATKIN_ENABLE_TESTING: ON
[36m--[0m Call enable_testing()
[36m--[0m Using CATKIN_TEST_RESULTS_DIR: /uolstore/home/users/sc23j3k/bimanual_control/bimanual_ws/build/mujoco_ros/test_results
[36m--[0m Forcing gtest/gmock from source, though one was otherwise available.
[36m--[0m Found gtest sources under '/usr/src/googletest': gtests will be built
[36m--[0m Found gmock sources under '/usr/src/googletest': gmock will be built
[0mCMake Deprecation Warning at /usr/src/googletest/CMakeLists.txt:4 (cmake_minimum_required):
  Compatibility with CMake < 2.8.12 will be removed from a future version of
  CMake.

  Update the VERSION argument <min> value or use a ...<max> suffix to tell
  CMake that the project does not need compatibility with older versions.

[0m
[0mCMake Deprecation Warning at /usr/src/googletest/googlemock/CMakeLists.txt:45 (cmake_minimum_required):
  Compatibility with CMake < 2.8.12 will be removed from a future version of
  CMake.

  Update the VERSION argument <min> value or use a ...<max> suffix to tell
  CMake that the project does not need compatibility with older versions.

[0m
[0mCMake Deprecation Warning at /usr/src/googletest/googletest/CMakeLists.txt:56 (cmake_minimum_required):
  Compatibility with CMake < 2.8.12 will be removed from a future version of
  CMake.

  Update the VERSION argument <min> value or use a ...<max> suffix to tell
  CMake that the project does not need compatibility with older versions.

[0m
[36m--[0m Found PythonInterp: /usr/bin/python3 (found version "3.8.10")
[36m--[0m Using Python nosetests: /usr/bin/nosetests3
[36m--[0m catkin 0.8.12
[36m--[0m BUILD_SHARED_LIBS is on
[36m--[0m Using these message generators: gencpp;geneus;genlisp;gennodejs;genpy
[33mCMake Warning at cmake/CompilerCache.cmake:33 (message):
  ccache is enabled but was not found.  Not using it
[36mCall Stack (most recent call first):[0m
  cmake/CompilerCache.cmake:44 (_configure_ccache)
  cmake/CompilerCache.cmake:44 (cmake_language)
  cmake/ProjectOption.cmake:61 (configure_compiler_cache)
  CMakeLists.txt:49 (configure_project_option)

[0m
[36m--[0m Looking for MuJoCo tar install ...
[0mMuJoCo tar install found, but version can not be detected. If experiencing errors check that version 3.3.5 or a newer, compatible version is installed[0m
[33mCMake Warning at cmake/ConfigureRenderBackend.cmake:30 (message):
  GLFW, EGL and OSMesa disabled! No rendering will be available.
[36mCall Stack (most recent call first):[0m
  CMakeLists.txt:88 (include)

[0m
[36m--[0m configured RENDERING_BACKEND: NO
[36m--[0m Configuring done
[36m--[0m Generating done
[36m--[0m Build files have been written to: /uolstore/home/users/sc23j3k/bimanual_control/bimanual_ws/build/mujoco_ros
