[0mCMake Deprecation Warning at /usr/src/googletest/CMakeLists.txt:4 (cmake_minimum_required):
  Compatibility with CMake < 2.8.12 will be removed from a future version of
  CMake.

  Update the VERSION argument <min> value or use a ...<max> suffix to tell
  CMake that the project does not need compatibility with older versions.

[0m
[0mCMake Deprecation Warning at /usr/src/googletest/googlemock/CMakeLists.txt:45 (cmake_minimum_required):
  Compatibility with CMake < 2.8.12 will be removed from a future version of
  CMake.

  Update the VERSION argument <min> value or use a ...<max> suffix to tell
  CMake that the project does not need compatibility with older versions.

[0m
[0mCMake Deprecation Warning at /usr/src/googletest/googletest/CMakeLists.txt:56 (cmake_minimum_required):
  Compatibility with CMake < 2.8.12 will be removed from a future version of
  CMake.

  Update the VERSION argument <min> value or use a ...<max> suffix to tell
  CMake that the project does not need compatibility with older versions.

[0m
[33mCMake Warning at cmake/CompilerCache.cmake:33 (message):
  ccache is enabled but was not found.  Not using it
[36mCall Stack (most recent call first):[0m
  cmake/CompilerCache.cmake:44 (_configure_ccache)
  cmake/CompilerCache.cmake:44 (cmake_language)
  cmake/ProjectOption.cmake:61 (configure_compiler_cache)
  CMakeLists.txt:49 (configure_project_option)

[0m
[0mMuJoCo tar install found, but version can not be detected. If experiencing errors check that version 3.3.5 or a newer, compatible version is installed[0m
[33mCMake Warning at cmake/ConfigureRenderBackend.cmake:30 (message):
  GLFW, EGL and OSMesa disabled! No rendering will be available.
[36mCall Stack (most recent call first):[0m
  CMakeLists.txt:88 (include)

[0m
