[  0%] Built target roscpp_generate_messages_cpp
[  0%] Built target rosgraph_msgs_generate_messages_cpp
[  0%] Built target rosgraph_msgs_generate_messages_eus
[  0%] Built target rosgraph_msgs_generate_messages_py
[  0%] Built target std_msgs_generate_messages_nodejs
[  0%] Built target rosgraph_msgs_generate_messages_nodejs
[  0%] Built target std_msgs_generate_messages_lisp
[  0%] Built target roscpp_generate_messages_py
[  0%] Built target std_msgs_generate_messages_cpp
[  0%] Built target rosgraph_msgs_generate_messages_lisp
[  0%] Built target roscpp_generate_messages_nodejs
[  0%] Built target roscpp_generate_messages_lisp
[  0%] Built target roscpp_generate_messages_eus
[  0%] Built target std_msgs_generate_messages_eus
[  0%] Built target controller_manager_msgs_generate_messages_py
[  0%] Built target controller_manager_msgs_generate_messages_cpp
[  0%] Built target controller_manager_msgs_generate_messages_eus
[  0%] Built target controller_manager_msgs_generate_messages_lisp
[  0%] Built target controller_manager_msgs_generate_messages_nodejs
[  0%] Built target std_msgs_generate_messages_py
[35m[1mConsolidate compiler generated dependencies of target controller_manager[0m
[ 50%] [32mBuilding CXX object CMakeFiles/controller_manager.dir/src/controller_manager.cpp.o[0m
[100%] [32m[1mLinking CXX shared library /uolstore/home/users/sc23j3k/bimanual_control/bimanual_ws/devel/lib/libcontroller_manager.so[0m
[100%] Built target controller_manager
