[  0%] Built target _mujoco_ros_msgs_generate_messages_check_deps_GetPluginStats
[  0%] Built target std_msgs_generate_messages_py
[  0%] Built target geometry_msgs_generate_messages_py
[  0%] Built target actionlib_msgs_generate_messages_py
[  0%] Built target _mujoco_ros_msgs_generate_messages_check_deps_ScalarStamped
[  0%] Built target _mujoco_ros_msgs_generate_messages_check_deps_StateUint
[  0%] Built target _mujoco_ros_msgs_generate_messages_check_deps_BodyState
[  0%] Built target _mujoco_ros_msgs_generate_messages_check_deps_GeomProperties
[  0%] Built target _mujoco_ros_msgs_generate_messages_check_deps_GeomType
[  0%] Built target _mujoco_ros_msgs_generate_messages_check_deps_MocapState
[  0%] Built target _mujoco_ros_msgs_generate_messages_check_deps_EqualityConstraintType
[  0%] Built target _mujoco_ros_msgs_generate_messages_check_deps_EqualityConstraintParameters
[  0%] Built target _mujoco_ros_msgs_generate_messages_check_deps_SolverParameters
[  0%] Built target _mujoco_ros_msgs_generate_messages_check_deps_SensorNoiseModel
[  0%] Built target _mujoco_ros_msgs_generate_messages_check_deps_SimInfo
[  0%] Built target _mujoco_ros_msgs_generate_messages_check_deps_StepAction
[  0%] Built target _mujoco_ros_msgs_generate_messages_check_deps_StepActionGoal
[  0%] Built target _mujoco_ros_msgs_generate_messages_check_deps_PluginStats
[  0%] Built target _mujoco_ros_msgs_generate_messages_check_deps_StepGoal
[  0%] Built target _mujoco_ros_msgs_generate_messages_check_deps_StepActionResult
[  0%] Built target _mujoco_ros_msgs_generate_messages_check_deps_StepFeedback
[  0%] Built target _mujoco_ros_msgs_generate_messages_check_deps_StepActionFeedback
[  0%] Built target _mujoco_ros_msgs_generate_messages_check_deps_StepResult
[  0%] Built target _mujoco_ros_msgs_generate_messages_check_deps_GetStateUint
[  0%] Built target _mujoco_ros_msgs_generate_messages_check_deps_SetBodyState
[  0%] Built target _mujoco_ros_msgs_generate_messages_check_deps_SetFloat
[  0%] Built target _mujoco_ros_msgs_generate_messages_check_deps_SetPause
[  0%] Built target _mujoco_ros_msgs_generate_messages_check_deps_SetGeomProperties
[  0%] Built target _mujoco_ros_msgs_generate_messages_check_deps_GetBodyState
[  0%] Built target _mujoco_ros_msgs_generate_messages_check_deps_GetGeomProperties
[  0%] Built target _mujoco_ros_msgs_generate_messages_check_deps_GetEqualityConstraintParameters
[  0%] Built target _mujoco_ros_msgs_generate_messages_check_deps_ResetBodyQPos
[  0%] Built target _mujoco_ros_msgs_generate_messages_check_deps_RegisterSensorNoiseModels
[  0%] Built target _mujoco_ros_msgs_generate_messages_check_deps_SetEqualityConstraintParameters
[  0%] Built target _mujoco_ros_msgs_generate_messages_check_deps_GetGravity
[  0%] Built target std_msgs_generate_messages_cpp
[  0%] Built target _mujoco_ros_msgs_generate_messages_check_deps_Reload
[  0%] Built target _mujoco_ros_msgs_generate_messages_check_deps_SetGravity
[  0%] Built target geometry_msgs_generate_messages_cpp
[  0%] Built target _mujoco_ros_msgs_generate_messages_check_deps_SetMocapState
[  0%] Built target actionlib_msgs_generate_messages_cpp
[  0%] Built target std_msgs_generate_messages_eus
[  0%] Built target actionlib_msgs_generate_messages_eus
[  0%] Built target _mujoco_ros_msgs_generate_messages_check_deps_GetSimInfo
[  0%] Built target geometry_msgs_generate_messages_lisp
[  0%] Built target geometry_msgs_generate_messages_eus
[  0%] Built target std_msgs_generate_messages_lisp
[  0%] Built target geometry_msgs_generate_messages_nodejs
[  0%] Built target actionlib_msgs_generate_messages_lisp
[  0%] Built target std_msgs_generate_messages_nodejs
[  0%] Built target actionlib_msgs_generate_messages_nodejs
[  0%] [34m[1mGenerating EusLisp code from mujoco_ros_msgs/StateUint.msg[0m
[  3%] [34m[1mGenerating C++ code from mujoco_ros_msgs/BodyState.msg[0m
[  3%] [34m[1mGenerating C++ code from mujoco_ros_msgs/GeomProperties.msg[0m
[  3%] [34m[1mGenerating C++ code from mujoco_ros_msgs/SolverParameters.msg[0m
[  3%] [34m[1mGenerating C++ code from mujoco_ros_msgs/ScalarStamped.msg[0m
[  3%] [34m[1mGenerating C++ code from mujoco_ros_msgs/GeomType.msg[0m
[  5%] [34m[1mGenerating C++ code from mujoco_ros_msgs/StateUint.msg[0m
[  5%] [34m[1mGenerating C++ code from mujoco_ros_msgs/SensorNoiseModel.msg[0m
[  5%] [34m[1mGenerating Lisp code from mujoco_ros_msgs/StateUint.msg[0m
[  5%] [34m[1mGenerating Python from MSG mujoco_ros_msgs/StateUint[0m
[  5%] [34m[1mGenerating Python from MSG mujoco_ros_msgs/ScalarStamped[0m
[  5%] [34m[1mGenerating Javascript code from mujoco_ros_msgs/StateUint.msg[0m
[  6%] [34m[1mGenerating Python from MSG mujoco_ros_msgs/BodyState[0m
[  6%] [34m[1mGenerating Javascript code from mujoco_ros_msgs/ScalarStamped.msg[0m
[  6%] [34m[1mGenerating Lisp code from mujoco_ros_msgs/ScalarStamped.msg[0m
[  6%] [34m[1mGenerating EusLisp code from mujoco_ros_msgs/ScalarStamped.msg[0m
[  8%] [34m[1mGenerating Python from MSG mujoco_ros_msgs/GeomProperties[0m
[  8%] [34m[1mGenerating EusLisp code from mujoco_ros_msgs/BodyState.msg[0m
[  8%] [34m[1mGenerating EusLisp code from mujoco_ros_msgs/GeomProperties.msg[0m
[  8%] [34m[1mGenerating Javascript code from mujoco_ros_msgs/BodyState.msg[0m
[  8%] [34m[1mGenerating C++ code from mujoco_ros_msgs/MocapState.msg[0m
[  9%] [34m[1mGenerating Javascript code from mujoco_ros_msgs/GeomProperties.msg[0m
[  9%] [34m[1mGenerating Javascript code from mujoco_ros_msgs/GeomType.msg[0m
[ 10%] [34m[1mGenerating C++ code from mujoco_ros_msgs/EqualityConstraintParameters.msg[0m
[ 10%] [34m[1mGenerating C++ code from mujoco_ros_msgs/EqualityConstraintType.msg[0m
[ 10%] [34m[1mGenerating Javascript code from mujoco_ros_msgs/SensorNoiseModel.msg[0m
[ 10%] [34m[1mGenerating Lisp code from mujoco_ros_msgs/BodyState.msg[0m
[ 11%] [34m[1mGenerating Lisp code from mujoco_ros_msgs/GeomProperties.msg[0m
[ 12%] [34m[1mGenerating Javascript code from mujoco_ros_msgs/SolverParameters.msg[0m
[ 12%] [34m[1mGenerating Python from MSG mujoco_ros_msgs/GeomType[0m
[ 14%] [34m[1mGenerating Javascript code from mujoco_ros_msgs/MocapState.msg[0m
[ 14%] [34m[1mGenerating Lisp code from mujoco_ros_msgs/GeomType.msg[0m
[ 15%] [34m[1mGenerating Lisp code from mujoco_ros_msgs/SensorNoiseModel.msg[0m
[ 16%] [34m[1mGenerating C++ code from mujoco_ros_msgs/SimInfo.msg[0m
[ 17%] [34m[1mGenerating Javascript code from mujoco_ros_msgs/EqualityConstraintParameters.msg[0m
[ 18%] [34m[1mGenerating EusLisp code from mujoco_ros_msgs/GeomType.msg[0m
[ 18%] [34m[1mGenerating Python from MSG mujoco_ros_msgs/SensorNoiseModel[0m
[ 19%] [34m[1mGenerating EusLisp code from mujoco_ros_msgs/SensorNoiseModel.msg[0m
[ 19%] [34m[1mGenerating Javascript code from mujoco_ros_msgs/EqualityConstraintType.msg[0m
[ 20%] [34m[1mGenerating Javascript code from mujoco_ros_msgs/SimInfo.msg[0m
[ 21%] [34m[1mGenerating C++ code from mujoco_ros_msgs/PluginStats.msg[0m
[ 21%] [34m[1mGenerating Python from MSG mujoco_ros_msgs/SolverParameters[0m
[ 22%] [34m[1mGenerating EusLisp code from mujoco_ros_msgs/SolverParameters.msg[0m
[ 22%] [34m[1mGenerating EusLisp code from mujoco_ros_msgs/EqualityConstraintParameters.msg[0m
[ 22%] [34m[1mGenerating EusLisp code from mujoco_ros_msgs/MocapState.msg[0m
[ 23%] [34m[1mGenerating Lisp code from mujoco_ros_msgs/SolverParameters.msg[0m
[ 23%] [34m[1mGenerating Lisp code from mujoco_ros_msgs/MocapState.msg[0m
[ 25%] [34m[1mGenerating EusLisp code from mujoco_ros_msgs/EqualityConstraintType.msg[0m
[ 25%] [34m[1mGenerating EusLisp code from mujoco_ros_msgs/SimInfo.msg[0m
[ 25%] [34m[1mGenerating C++ code from mujoco_ros_msgs/StepAction.msg[0m
[ 26%] [34m[1mGenerating EusLisp code from mujoco_ros_msgs/PluginStats.msg[0m
[ 26%] [34m[1mGenerating Javascript code from mujoco_ros_msgs/PluginStats.msg[0m
[ 27%] [34m[1mGenerating Javascript code from mujoco_ros_msgs/StepAction.msg[0m
[ 28%] [34m[1mGenerating Python from MSG mujoco_ros_msgs/MocapState[0m
[ 29%] [34m[1mGenerating Python from MSG mujoco_ros_msgs/EqualityConstraintParameters[0m
[ 29%] [34m[1mGenerating Python from MSG mujoco_ros_msgs/EqualityConstraintType[0m
[ 29%] [34m[1mGenerating C++ code from mujoco_ros_msgs/StepActionGoal.msg[0m
[ 30%] [34m[1mGenerating C++ code from mujoco_ros_msgs/StepActionResult.msg[0m
[ 32%] [34m[1mGenerating Python from MSG mujoco_ros_msgs/SimInfo[0m
[ 32%] [34m[1mGenerating Lisp code from mujoco_ros_msgs/EqualityConstraintParameters.msg[0m
[ 33%] [34m[1mGenerating Javascript code from mujoco_ros_msgs/StepActionGoal.msg[0m
[ 33%] [34m[1mGenerating Lisp code from mujoco_ros_msgs/EqualityConstraintType.msg[0m
[ 33%] [34m[1mGenerating Lisp code from mujoco_ros_msgs/SimInfo.msg[0m
[ 33%] [34m[1mGenerating Javascript code from mujoco_ros_msgs/StepActionResult.msg[0m
[ 34%] [34m[1mGenerating EusLisp code from mujoco_ros_msgs/StepAction.msg[0m
[ 35%] [34m[1mGenerating EusLisp code from mujoco_ros_msgs/StepActionGoal.msg[0m
[ 36%] [34m[1mGenerating Javascript code from mujoco_ros_msgs/StepActionFeedback.msg[0m
[ 36%] [34m[1mGenerating C++ code from mujoco_ros_msgs/StepActionFeedback.msg[0m
[ 37%] [34m[1mGenerating C++ code from mujoco_ros_msgs/StepGoal.msg[0m
[ 37%] [34m[1mGenerating EusLisp code from mujoco_ros_msgs/StepActionResult.msg[0m
[ 37%] [34m[1mGenerating Python from MSG mujoco_ros_msgs/PluginStats[0m
[ 37%] [34m[1mGenerating Python from MSG mujoco_ros_msgs/StepAction[0m
[ 38%] [34m[1mGenerating Lisp code from mujoco_ros_msgs/PluginStats.msg[0m
[ 39%] [34m[1mGenerating C++ code from mujoco_ros_msgs/StepResult.msg[0m
[ 39%] [34m[1mGenerating Javascript code from mujoco_ros_msgs/StepGoal.msg[0m
[ 40%] [34m[1mGenerating Javascript code from mujoco_ros_msgs/StepResult.msg[0m
[ 41%] [34m[1mGenerating Javascript code from mujoco_ros_msgs/StepFeedback.msg[0m
[ 41%] [34m[1mGenerating Python from MSG mujoco_ros_msgs/StepActionGoal[0m
[ 41%] [34m[1mGenerating Javascript code from mujoco_ros_msgs/GetStateUint.srv[0m
[ 42%] [34m[1mGenerating EusLisp code from mujoco_ros_msgs/StepActionFeedback.msg[0m
[ 42%] [34m[1mGenerating Python from MSG mujoco_ros_msgs/StepActionResult[0m
[ 42%] [34m[1mGenerating C++ code from mujoco_ros_msgs/StepFeedback.msg[0m
[ 43%] [34m[1mGenerating Lisp code from mujoco_ros_msgs/StepActionGoal.msg[0m
[ 44%] [34m[1mGenerating Lisp code from mujoco_ros_msgs/StepAction.msg[0m
[ 44%] [34m[1mGenerating Lisp code from mujoco_ros_msgs/StepActionResult.msg[0m
[ 44%] [34m[1mGenerating Lisp code from mujoco_ros_msgs/StepActionFeedback.msg[0m
[ 45%] [34m[1mGenerating C++ code from mujoco_ros_msgs/GetStateUint.srv[0m
[ 46%] [34m[1mGenerating Javascript code from mujoco_ros_msgs/SetFloat.srv[0m
[ 47%] [34m[1mGenerating Javascript code from mujoco_ros_msgs/SetPause.srv[0m
[ 47%] [34m[1mGenerating Javascript code from mujoco_ros_msgs/SetBodyState.srv[0m
[ 47%] [34m[1mGenerating C++ code from mujoco_ros_msgs/SetFloat.srv[0m
[ 48%] [34m[1mGenerating Python from MSG mujoco_ros_msgs/StepGoal[0m
[ 48%] [34m[1mGenerating Python from MSG mujoco_ros_msgs/StepActionFeedback[0m
[ 48%] [34m[1mGenerating EusLisp code from mujoco_ros_msgs/StepGoal.msg[0m
[ 50%] [34m[1mGenerating Python from MSG mujoco_ros_msgs/StepResult[0m
[ 50%] [34m[1mGenerating Lisp code from mujoco_ros_msgs/StepGoal.msg[0m
[ 52%] [34m[1mGenerating Lisp code from mujoco_ros_msgs/StepResult.msg[0m
[ 52%] [34m[1mGenerating Lisp code from mujoco_ros_msgs/StepFeedback.msg[0m
[ 54%] [34m[1mGenerating Lisp code from mujoco_ros_msgs/GetStateUint.srv[0m
[ 54%] [34m[1mGenerating Javascript code from mujoco_ros_msgs/GetBodyState.srv[0m
[ 54%] [34m[1mGenerating Lisp code from mujoco_ros_msgs/SetFloat.srv[0m
[ 54%] [34m[1mGenerating Javascript code from mujoco_ros_msgs/SetGeomProperties.srv[0m
[ 54%] [34m[1mGenerating C++ code from mujoco_ros_msgs/SetPause.srv[0m
[ 55%] [34m[1mGenerating EusLisp code from mujoco_ros_msgs/StepResult.msg[0m
[ 56%] [34m[1mGenerating EusLisp code from mujoco_ros_msgs/StepFeedback.msg[0m
[ 57%] [34m[1mGenerating Lisp code from mujoco_ros_msgs/SetPause.srv[0m
[ 58%] [34m[1mGenerating Python from MSG mujoco_ros_msgs/StepFeedback[0m
[ 58%] [34m[1mGenerating C++ code from mujoco_ros_msgs/SetBodyState.srv[0m
[ 59%] [34m[1mGenerating C++ code from mujoco_ros_msgs/GetBodyState.srv[0m
[ 60%] [34m[1mGenerating EusLisp code from mujoco_ros_msgs/GetStateUint.srv[0m
[ 61%] [34m[1mGenerating Lisp code from mujoco_ros_msgs/SetBodyState.srv[0m
[ 62%] [34m[1mGenerating EusLisp code from mujoco_ros_msgs/SetFloat.srv[0m
[ 62%] [34m[1mGenerating Javascript code from mujoco_ros_msgs/GetGeomProperties.srv[0m
[ 63%] [34m[1mGenerating Javascript code from mujoco_ros_msgs/SetEqualityConstraintParameters.srv[0m
[ 64%] [34m[1mGenerating EusLisp code from mujoco_ros_msgs/SetPause.srv[0m
[ 66%] [34m[1mGenerating Python code from SRV mujoco_ros_msgs/GetStateUint[0m
[ 66%] [34m[1mGenerating EusLisp code from mujoco_ros_msgs/SetBodyState.srv[0m
[ 66%] [34m[1mGenerating Lisp code from mujoco_ros_msgs/GetBodyState.srv[0m
[ 66%] [34m[1mGenerating Lisp code from mujoco_ros_msgs/SetGeomProperties.srv[0m
[ 67%] [34m[1mGenerating C++ code from mujoco_ros_msgs/SetGeomProperties.srv[0m
[ 68%] [34m[1mGenerating Python code from SRV mujoco_ros_msgs/SetFloat[0m
[ 69%] [34m[1mGenerating Javascript code from mujoco_ros_msgs/GetEqualityConstraintParameters.srv[0m
[ 70%] [34m[1mGenerating Python code from SRV mujoco_ros_msgs/SetPause[0m
[ 71%] [34m[1mGenerating C++ code from mujoco_ros_msgs/GetGeomProperties.srv[0m
[ 72%] [34m[1mGenerating C++ code from mujoco_ros_msgs/SetEqualityConstraintParameters.srv[0m
[ 72%] [34m[1mGenerating C++ code from mujoco_ros_msgs/GetEqualityConstraintParameters.srv[0m
[ 73%] [34m[1mGenerating Python code from SRV mujoco_ros_msgs/SetBodyState[0m
[ 75%] [34m[1mGenerating EusLisp code from mujoco_ros_msgs/GetBodyState.srv[0m
[ 75%] [34m[1mGenerating Lisp code from mujoco_ros_msgs/GetGeomProperties.srv[0m
[ 75%] [34m[1mGenerating Lisp code from mujoco_ros_msgs/SetEqualityConstraintParameters.srv[0m
[ 76%] [34m[1mGenerating Javascript code from mujoco_ros_msgs/ResetBodyQPos.srv[0m
[ 77%] [34m[1mGenerating Javascript code from mujoco_ros_msgs/SetGravity.srv[0m
[ 79%] [34m[1mGenerating Javascript code from mujoco_ros_msgs/RegisterSensorNoiseModels.srv[0m
[ 79%] [34m[1mGenerating Lisp code from mujoco_ros_msgs/GetEqualityConstraintParameters.srv[0m
[ 79%] [34m[1mGenerating Lisp code from mujoco_ros_msgs/RegisterSensorNoiseModels.srv[0m
[ 79%] [34m[1mGenerating Lisp code from mujoco_ros_msgs/ResetBodyQPos.srv[0m
[ 79%] [34m[1mGenerating EusLisp code from mujoco_ros_msgs/SetGeomProperties.srv[0m
[ 80%] [34m[1mGenerating C++ code from mujoco_ros_msgs/ResetBodyQPos.srv[0m
[ 81%] [34m[1mGenerating Python code from SRV mujoco_ros_msgs/GetBodyState[0m
[ 81%] [34m[1mGenerating Python code from SRV mujoco_ros_msgs/SetGeomProperties[0m
[ 82%] [34m[1mGenerating C++ code from mujoco_ros_msgs/RegisterSensorNoiseModels.srv[0m
[ 83%] [34m[1mGenerating Javascript code from mujoco_ros_msgs/GetGravity.srv[0m
[ 83%] [34m[1mGenerating Javascript code from mujoco_ros_msgs/Reload.srv[0m
[ 84%] [34m[1mGenerating EusLisp code from mujoco_ros_msgs/GetGeomProperties.srv[0m
[ 85%] [34m[1mGenerating C++ code from mujoco_ros_msgs/SetGravity.srv[0m
[ 85%] [34m[1mGenerating Python code from SRV mujoco_ros_msgs/GetGeomProperties[0m
[ 86%] [34m[1mGenerating EusLisp code from mujoco_ros_msgs/SetEqualityConstraintParameters.srv[0m
[ 86%] [34m[1mGenerating Lisp code from mujoco_ros_msgs/SetGravity.srv[0m
[ 87%] [34m[1mGenerating Lisp code from mujoco_ros_msgs/GetGravity.srv[0m
[ 87%] [34m[1mGenerating Python code from SRV mujoco_ros_msgs/SetEqualityConstraintParameters[0m
[ 87%] [34m[1mGenerating EusLisp code from mujoco_ros_msgs/GetEqualityConstraintParameters.srv[0m
[ 87%] [34m[1mGenerating EusLisp code from mujoco_ros_msgs/ResetBodyQPos.srv[0m
[ 87%] [34m[1mGenerating Python code from SRV mujoco_ros_msgs/GetEqualityConstraintParameters[0m
[ 87%] [34m[1mGenerating Javascript code from mujoco_ros_msgs/SetMocapState.srv[0m
[ 88%] [34m[1mGenerating Javascript code from mujoco_ros_msgs/GetSimInfo.srv[0m
[ 88%] [34m[1mGenerating Python code from SRV mujoco_ros_msgs/ResetBodyQPos[0m
[ 89%] [34m[1mGenerating Lisp code from mujoco_ros_msgs/Reload.srv[0m
[ 89%] [34m[1mGenerating Lisp code from mujoco_ros_msgs/SetMocapState.srv[0m
[ 89%] [34m[1mGenerating C++ code from mujoco_ros_msgs/GetGravity.srv[0m
[ 89%] [34m[1mGenerating C++ code from mujoco_ros_msgs/Reload.srv[0m
[ 89%] [34m[1mGenerating Javascript code from mujoco_ros_msgs/GetPluginStats.srv[0m
[ 90%] [34m[1mGenerating C++ code from mujoco_ros_msgs/SetMocapState.srv[0m
[ 90%] [34m[1mGenerating C++ code from mujoco_ros_msgs/GetSimInfo.srv[0m
[ 90%] [34m[1mGenerating EusLisp code from mujoco_ros_msgs/RegisterSensorNoiseModels.srv[0m
[ 91%] [34m[1mGenerating EusLisp code from mujoco_ros_msgs/SetGravity.srv[0m
[ 91%] [34m[1mGenerating EusLisp code from mujoco_ros_msgs/GetGravity.srv[0m
[ 92%] [34m[1mGenerating EusLisp code from mujoco_ros_msgs/Reload.srv[0m
[ 92%] [34m[1mGenerating Python code from SRV mujoco_ros_msgs/RegisterSensorNoiseModels[0m
[ 93%] [34m[1mGenerating Python code from SRV mujoco_ros_msgs/SetGravity[0m
[ 93%] [34m[1mGenerating Python code from SRV mujoco_ros_msgs/GetGravity[0m
[ 94%] [34m[1mGenerating Lisp code from mujoco_ros_msgs/GetPluginStats.srv[0m
[ 94%] [34m[1mGenerating Lisp code from mujoco_ros_msgs/GetSimInfo.srv[0m
[ 95%] [34m[1mGenerating C++ code from mujoco_ros_msgs/GetPluginStats.srv[0m
[ 95%] [34m[1mGenerating EusLisp code from mujoco_ros_msgs/SetMocapState.srv[0m
[ 95%] [34m[1mGenerating EusLisp code from mujoco_ros_msgs/GetSimInfo.srv[0m
[ 95%] Built target mujoco_ros_msgs_generate_messages_nodejs
[ 96%] [34m[1mGenerating Python code from SRV mujoco_ros_msgs/Reload[0m
[ 96%] [34m[1mGenerating Python code from SRV mujoco_ros_msgs/SetMocapState[0m
[ 96%] [34m[1mGenerating Python code from SRV mujoco_ros_msgs/GetSimInfo[0m
[ 97%] [34m[1mGenerating Python code from SRV mujoco_ros_msgs/GetPluginStats[0m
[ 98%] [34m[1mGenerating EusLisp code from mujoco_ros_msgs/GetPluginStats.srv[0m
[ 98%] [34m[1mGenerating EusLisp manifest code for mujoco_ros_msgs[0m
[ 98%] Built target mujoco_ros_msgs_generate_messages_lisp
[ 98%] Built target mujoco_ros_msgs_generate_messages_cpp
[ 98%] [34m[1mGenerating Python msg __init__.py for mujoco_ros_msgs[0m
[100%] [34m[1mGenerating Python srv __init__.py for mujoco_ros_msgs[0m
[100%] Built target mujoco_ros_msgs_generate_messages_py
[100%] Built target mujoco_ros_msgs_generate_messages_eus
[100%] Built target mujoco_ros_msgs_generate_messages
