[  0%] Built target std_msgs_generate_messages_py
[  0%] Built target actionlib_msgs_generate_messages_py
[  0%] Built target geometry_msgs_generate_messages_py
[  0%] Built target _mujoco_ros_msgs_generate_messages_check_deps_GetPluginStats
[  0%] Built target _mujoco_ros_msgs_generate_messages_check_deps_ScalarStamped
[  0%] Built target _mujoco_ros_msgs_generate_messages_check_deps_BodyState
[  0%] Built target _mujoco_ros_msgs_generate_messages_check_deps_StateUint
[  0%] Built target _mujoco_ros_msgs_generate_messages_check_deps_SensorNoiseModel
[  0%] Built target _mujoco_ros_msgs_generate_messages_check_deps_GeomProperties
[  0%] Built target _mujoco_ros_msgs_generate_messages_check_deps_GeomType
[  0%] Built target _mujoco_ros_msgs_generate_messages_check_deps_SolverParameters
[  0%] Built target _mujoco_ros_msgs_generate_messages_check_deps_MocapState
[  0%] Built target _mujoco_ros_msgs_generate_messages_check_deps_EqualityConstraintParameters
[  0%] Built target _mujoco_ros_msgs_generate_messages_check_deps_SimInfo
[  0%] Built target _mujoco_ros_msgs_generate_messages_check_deps_PluginStats
[  0%] Built target _mujoco_ros_msgs_generate_messages_check_deps_EqualityConstraintType
[  0%] Built target _mujoco_ros_msgs_generate_messages_check_deps_StepActionResult
[  0%] Built target _mujoco_ros_msgs_generate_messages_check_deps_StepGoal
[  0%] Built target _mujoco_ros_msgs_generate_messages_check_deps_StepAction
[  0%] Built target _mujoco_ros_msgs_generate_messages_check_deps_StepActionGoal
[  0%] Built target _mujoco_ros_msgs_generate_messages_check_deps_StepActionFeedback
[  0%] Built target _mujoco_ros_msgs_generate_messages_check_deps_StepResult
[  0%] Built target _mujoco_ros_msgs_generate_messages_check_deps_StepFeedback
[  0%] Built target _mujoco_ros_msgs_generate_messages_check_deps_GetStateUint
[  0%] Built target _mujoco_ros_msgs_generate_messages_check_deps_SetPause
[  0%] Built target _mujoco_ros_msgs_generate_messages_check_deps_SetGeomProperties
[  0%] Built target _mujoco_ros_msgs_generate_messages_check_deps_SetFloat
[  0%] Built target _mujoco_ros_msgs_generate_messages_check_deps_SetBodyState
[  0%] Built target _mujoco_ros_msgs_generate_messages_check_deps_GetBodyState
[  0%] Built target _mujoco_ros_msgs_generate_messages_check_deps_GetEqualityConstraintParameters
[  0%] Built target _mujoco_ros_msgs_generate_messages_check_deps_SetEqualityConstraintParameters
[  0%] Built target _mujoco_ros_msgs_generate_messages_check_deps_GetGeomProperties
[  0%] Built target _mujoco_ros_msgs_generate_messages_check_deps_RegisterSensorNoiseModels
[  0%] Built target _mujoco_ros_msgs_generate_messages_check_deps_ResetBodyQPos
[  0%] Built target geometry_msgs_generate_messages_cpp
[  0%] Built target std_msgs_generate_messages_cpp
[  0%] Built target _mujoco_ros_msgs_generate_messages_check_deps_SetGravity
[  0%] Built target actionlib_msgs_generate_messages_cpp
[  0%] Built target std_msgs_generate_messages_eus
[  0%] Built target std_msgs_generate_messages_lisp
[  0%] Built target _mujoco_ros_msgs_generate_messages_check_deps_Reload
[  0%] Built target actionlib_msgs_generate_messages_lisp
[  0%] Built target geometry_msgs_generate_messages_eus
[  0%] Built target _mujoco_ros_msgs_generate_messages_check_deps_GetGravity
[  0%] Built target _mujoco_ros_msgs_generate_messages_check_deps_GetSimInfo
[  0%] Built target geometry_msgs_generate_messages_nodejs
[  0%] Built target actionlib_msgs_generate_messages_eus
[  0%] Built target geometry_msgs_generate_messages_lisp
[  0%] Built target std_msgs_generate_messages_nodejs
[  0%] Built target _mujoco_ros_msgs_generate_messages_check_deps_SetMocapState
[  0%] Built target actionlib_msgs_generate_messages_nodejs
[ 91%] Built target mujoco_ros_msgs_generate_messages_lisp
[ 93%] Built target mujoco_ros_msgs_generate_messages_cpp
[ 98%] Built target mujoco_ros_msgs_generate_messages_nodejs
[100%] Built target mujoco_ros_msgs_generate_messages_py
[100%] Built target mujoco_ros_msgs_generate_messages_eus
[100%] Built target mujoco_ros_msgs_generate_messages
