[  0%] Built target actionlib_generate_messages_lisp
[  0%] Built target actionlib_generate_messages_eus
[  0%] Built target actionlib_msgs_generate_messages_lisp
[  0%] Built target actionlib_generate_messages_cpp
[  0%] Built target actionlib_msgs_generate_messages_nodejs
[  0%] Built target actionlib_generate_messages_nodejs
[  0%] Built target actionlib_msgs_generate_messages_py
[  0%] Built target std_msgs_generate_messages_cpp
[  0%] Built target actionlib_msgs_generate_messages_cpp
[  0%] Built target geometry_msgs_generate_messages_py
[  0%] Built target actionlib_generate_messages_py
[  0%] Built target std_msgs_generate_messages_eus
[  0%] Built target actionlib_msgs_generate_messages_eus
[  0%] Built target std_msgs_generate_messages_lisp
[  0%] Built target _catkin_empty_exported_target
[  0%] Built target roscpp_generate_messages_eus
[  0%] Built target roscpp_generate_messages_cpp
[  0%] Built target roscpp_generate_messages_py
[  0%] Built target std_msgs_generate_messages_nodejs
[  0%] Built target rosgraph_msgs_generate_messages_lisp
[  0%] Built target roscpp_generate_messages_nodejs
[  0%] Built target std_msgs_generate_messages_py
[  0%] Built target rosgraph_msgs_generate_messages_cpp
[  0%] Built target rosgraph_msgs_generate_messages_eus
[  0%] Built target rosgraph_msgs_generate_messages_nodejs
[  0%] Built target roscpp_generate_messages_lisp
[  0%] Built target rosgraph_msgs_generate_messages_py
[  0%] Built target std_srvs_generate_messages_cpp
[  0%] Built target std_srvs_generate_messages_eus
[  0%] Built target std_srvs_generate_messages_lisp
[  0%] Built target franka_msgs_generate_messages_cpp
[  0%] Built target sensor_msgs_generate_messages_cpp
[  0%] Built target franka_msgs_generate_messages_py
[  0%] Built target std_srvs_generate_messages_py
[  0%] Built target std_srvs_generate_messages_nodejs
[  0%] Built target franka_msgs_generate_messages_nodejs
[  0%] Built target franka_msgs_generate_messages_lisp
[  0%] Built target sensor_msgs_generate_messages_eus
[  0%] Built target franka_msgs_generate_messages_eus
[  0%] Built target sensor_msgs_generate_messages_lisp
[  0%] Built target sensor_msgs_generate_messages_nodejs
[  0%] Built target geometry_msgs_generate_messages_cpp
[  0%] Built target geometry_msgs_generate_messages_lisp
[  0%] Built target sensor_msgs_generate_messages_py
[  0%] Built target geometry_msgs_generate_messages_eus
[  0%] Built target geometry_msgs_generate_messages_nodejs
[ 11%] [32mBuilding CXX object CMakeFiles/franka_control_services.dir/src/services.cpp.o[0m
[ 22%] [32m[1mLinking CXX shared library /uolstore/home/users/sc23j3k/bimanual_control/bimanual_ws/devel/lib/libfranka_control_services.so[0m
[ 22%] Built target franka_control_services
[ 44%] [32mBuilding CXX object CMakeFiles/franka_hw.dir/src/franka_hw.cpp.o[0m
[ 44%] [32mBuilding CXX object CMakeFiles/franka_hw.dir/src/control_mode.cpp.o[0m
[ 55%] [32mBuilding CXX object CMakeFiles/franka_hw.dir/src/resource_helpers.cpp.o[0m
[ 88%] [32mBuilding CXX object CMakeFiles/franka_hw.dir/src/trigger_rate.cpp.o[0m
[ 88%] [32mBuilding CXX object CMakeFiles/franka_hw.dir/src/franka_combinable_hw.cpp.o[0m
[ 88%] [32mBuilding CXX object CMakeFiles/franka_hw.dir/src/franka_combined_hw.cpp.o[0m
[100%] [32m[1mLinking CXX shared library /uolstore/home/users/sc23j3k/bimanual_control/bimanual_ws/devel/lib/libfranka_hw.so[0m
[100%] Built target franka_hw
