[  0%] Built target roscpp_generate_messages_py
[  0%] Built target rosgraph_msgs_generate_messages_cpp
[  0%] Built target rosgraph_msgs_generate_messages_eus
[  0%] Built target rosgraph_msgs_generate_messages_lisp
[  0%] Built target std_msgs_generate_messages_lisp
[  0%] Built target std_msgs_generate_messages_nodejs
[  0%] Built target std_msgs_generate_messages_py
[  0%] Built target roscpp_generate_messages_cpp
[  0%] Built target roscpp_generate_messages_eus
[  0%] Built target geometry_msgs_generate_messages_eus
[  0%] Built target geometry_msgs_generate_messages_lisp
[  0%] Built target geometry_msgs_generate_messages_nodejs
[  0%] Built target geometry_msgs_generate_messages_py
[  0%] Built target std_msgs_generate_messages_cpp
[  0%] Built target std_msgs_generate_messages_eus
[  0%] Built target sensor_msgs_generate_messages_eus
[  0%] Built target sensor_msgs_generate_messages_lisp
[  0%] Built target rosgraph_msgs_generate_messages_nodejs
[  0%] Built target rosgraph_msgs_generate_messages_py
[  0%] Built target sensor_msgs_generate_messages_nodejs
[  0%] Built target sensor_msgs_generate_messages_py
[  0%] Built target geometry_msgs_generate_messages_cpp
[  0%] Built target sensor_msgs_generate_messages_cpp
[  0%] Built target roscpp_generate_messages_lisp
[  0%] Built target roscpp_generate_messages_nodejs
[ 25%] [32mBuilding CXX object CMakeFiles/robot_joint_state_publisher.dir/src/robot_joint_state_publisher.cpp.o[0m
[ 50%] [32mBuilding CXX object CMakeFiles/gripper_joint_state_publisher.dir/src/gripper_joint_state_publisher.cpp.o[0m
[ 75%] [32m[1mLinking CXX executable /uolstore/home/users/sc23j3k/bimanual_control/bimanual_ws/devel/lib/franka_visualization/robot_joint_state_publisher[0m
[100%] [32m[1mLinking CXX executable /uolstore/home/users/sc23j3k/bimanual_control/bimanual_ws/devel/lib/franka_visualization/gripper_joint_state_publisher[0m
[100%] Built target robot_joint_state_publisher
[100%] Built target gripper_joint_state_publisher
