[35m[1mConsolidate compiler generated dependencies of target transmission_interface_parser[0m
[  6%] [32mBuilding CXX object CMakeFiles/transmission_interface_parser.dir/src/transmission_parser.cpp.o[0m
[ 12%] [32m[1mLinking CXX shared library /uolstore/home/users/sc23j3k/bimanual_control/bimanual_ws/devel/lib/libtransmission_interface_parser.so[0m
[ 12%] Built target transmission_interface_parser
[35m[1mConsolidate compiler generated dependencies of target transmission_interface_loader[0m
[ 18%] [32mBuilding CXX object CMakeFiles/transmission_interface_loader.dir/src/transmission_interface_loader.cpp.o[0m
[ 25%] [32mBuilding CXX object CMakeFiles/transmission_interface_loader.dir/src/transmission_loader.cpp.o[0m
[ 31%] [32m[1mLinking CXX shared library /uolstore/home/users/sc23j3k/bimanual_control/bimanual_ws/devel/lib/libtransmission_interface_loader.so[0m
[ 31%] Built target transmission_interface_loader
[35m[1mConsolidate compiler generated dependencies of target transmission_interface_loader_plugins[0m
[ 43%] [32mBuilding CXX object CMakeFiles/transmission_interface_loader_plugins.dir/src/bidirectional_position_joint_interface_provider.cpp.o[0m
[ 50%] [32mBuilding CXX object CMakeFiles/transmission_interface_loader_plugins.dir/src/bidirectional_velocity_joint_interface_provider.cpp.o[0m
[ 56%] [32mBuilding CXX object CMakeFiles/transmission_interface_loader_plugins.dir/src/differential_transmission_loader.cpp.o[0m
[ 56%] [32mBuilding CXX object CMakeFiles/transmission_interface_loader_plugins.dir/src/four_bar_linkage_transmission_loader.cpp.o[0m
[ 68%] [32mBuilding CXX object CMakeFiles/transmission_interface_loader_plugins.dir/src/joint_state_interface_provider.cpp.o[0m
[ 75%] [32mBuilding CXX object CMakeFiles/transmission_interface_loader_plugins.dir/src/bidirectional_effort_joint_interface_provider.cpp.o[0m
[ 75%] [32mBuilding CXX object CMakeFiles/transmission_interface_loader_plugins.dir/src/simple_transmission_loader.cpp.o[0m
[ 87%] [32mBuilding CXX object CMakeFiles/transmission_interface_loader_plugins.dir/src/effort_joint_interface_provider.cpp.o[0m
[ 87%] [32mBuilding CXX object CMakeFiles/transmission_interface_loader_plugins.dir/src/velocity_joint_interface_provider.cpp.o[0m
[ 93%] [32mBuilding CXX object CMakeFiles/transmission_interface_loader_plugins.dir/src/position_joint_interface_provider.cpp.o[0m
[100%] [32m[1mLinking CXX shared library /uolstore/home/users/sc23j3k/bimanual_control/bimanual_ws/devel/lib/libtransmission_interface_loader_plugins.so[0m
[100%] Built target transmission_interface_loader_plugins
