[  0%] Built target roscpp_generate_messages_eus
[  0%] Built target roscpp_generate_messages_nodejs
[  0%] Built target roscpp_generate_messages_py
[  0%] Built target rosgraph_msgs_generate_messages_lisp
[  0%] Built target std_msgs_generate_messages_eus
[  0%] Built target rosgraph_msgs_generate_messages_nodejs
[  0%] Built target roscpp_generate_messages_lisp
[  3%] Built target std_msgs_generate_messages_cpp
[  3%] Built target rosgraph_msgs_generate_messages_cpp
[  3%] Built target roscpp_generate_messages_cpp
[  3%] Built target rosgraph_msgs_generate_messages_py
[  3%] Built target rosgraph_msgs_generate_messages_eus
[ 18%] Built target std_msgs_generate_messages_lisp
[ 18%] Built target franka_example_controllers_gencfg
[ 18%] Built target dynamic_reconfigure_generate_messages_cpp
[ 18%] Built target dynamic_reconfigure_generate_messages_eus
[ 18%] Built target std_msgs_generate_messages_nodejs
[ 18%] Built target std_msgs_generate_messages_py
[ 18%] Built target dynamic_reconfigure_generate_messages_lisp
[ 18%] Built target dynamic_reconfigure_generate_messages_nodejs
[ 18%] Built target geometry_msgs_generate_messages_lisp
[ 18%] Built target geometry_msgs_generate_messages_eus
[ 18%] Built target dynamic_reconfigure_gencfg
[ 18%] Built target geometry_msgs_generate_messages_cpp
[ 18%] Built target dynamic_reconfigure_generate_messages_py
[ 18%] Built target _franka_example_controllers_generate_messages_check_deps_JointTorqueComparison
[ 18%] Built target actionlib_msgs_generate_messages_eus
[ 18%] Built target geometry_msgs_generate_messages_nodejs
[ 18%] Built target actionlib_msgs_generate_messages_cpp
[ 18%] Built target actionlib_msgs_generate_messages_lisp
[ 18%] Built target geometry_msgs_generate_messages_py
[ 18%] Built target actionlib_generate_messages_cpp
[ 18%] Built target actionlib_generate_messages_eus
[ 18%] Built target actionlib_generate_messages_lisp
[ 18%] Built target actionlib_msgs_generate_messages_nodejs
[ 18%] Built target actionlib_generate_messages_py
[ 18%] Built target actionlib_generate_messages_nodejs
[ 18%] Built target std_srvs_generate_messages_cpp
[ 18%] Built target actionlib_msgs_generate_messages_py
[ 18%] Built target std_srvs_generate_messages_nodejs
[ 18%] Built target std_srvs_generate_messages_eus
[ 18%] Built target franka_msgs_generate_messages_cpp
[ 18%] Built target franka_msgs_generate_messages_eus
[ 18%] Built target franka_msgs_generate_messages_lisp
[ 18%] Built target std_srvs_generate_messages_py
[ 18%] Built target franka_msgs_generate_messages_nodejs
[ 18%] Built target franka_msgs_generate_messages_py
[ 18%] Built target std_srvs_generate_messages_lisp
[ 18%] Built target sensor_msgs_generate_messages_eus
[ 18%] Built target sensor_msgs_generate_messages_py
[ 18%] Built target sensor_msgs_generate_messages_nodejs
[ 18%] Built target franka_gripper_generate_messages_cpp
[ 18%] Built target franka_gripper_generate_messages_eus
[ 18%] Built target sensor_msgs_generate_messages_lisp
[ 18%] Built target sensor_msgs_generate_messages_cpp
[ 18%] Built target franka_gripper_generate_messages_lisp
[ 18%] Built target franka_gripper_generate_messages_nodejs
[ 18%] Built target control_msgs_generate_messages_cpp
[ 18%] Built target control_msgs_generate_messages_eus
[ 18%] Built target control_msgs_generate_messages_lisp
[ 18%] Built target franka_gripper_generate_messages_py
[ 18%] Built target control_msgs_generate_messages_py
[ 18%] Built target trajectory_msgs_generate_messages_eus
[ 18%] Built target trajectory_msgs_generate_messages_nodejs
[ 18%] Built target trajectory_msgs_generate_messages_cpp
[ 18%] Built target control_msgs_generate_messages_nodejs
[ 18%] Built target trajectory_msgs_generate_messages_py
[ 18%] Built target tf_generate_messages_eus
[ 18%] Built target tf_generate_messages_lisp
[ 18%] Built target trajectory_msgs_generate_messages_lisp
[ 18%] Built target tf_generate_messages_cpp
[ 18%] Built target tf_generate_messages_py
[ 18%] Built target tf2_msgs_generate_messages_lisp
[ 18%] Built target tf2_msgs_generate_messages_eus
[ 18%] Built target tf2_msgs_generate_messages_nodejs
[ 18%] Built target tf_generate_messages_nodejs
[ 18%] Built target tf2_msgs_generate_messages_cpp
[ 18%] Built target tf2_msgs_generate_messages_py
[ 18%] Built target visualization_msgs_generate_messages_lisp
[ 18%] Built target visualization_msgs_generate_messages_cpp
[ 18%] Built target visualization_msgs_generate_messages_py
[ 18%] Built target visualization_msgs_generate_messages_nodejs
[ 25%] Built target franka_example_controllers_generate_messages_cpp
[ 29%] Built target visualization_msgs_generate_messages_eus
[ 29%] Built target franka_example_controllers_generate_messages_py
[ 44%] Built target franka_example_controllers_generate_messages_lisp
[ 44%] Built target franka_example_controllers_generate_messages_eus
[ 44%] Built target franka_example_controllers_generate_messages_nodejs
[ 44%] Built target franka_example_controllers_gencpp
[ 44%] Built target franka_example_controllers_generate_messages
[35m[1mConsolidate compiler generated dependencies of target teleop_gripper_node[0m
[ 51%] Built target teleop_gripper_node
[35m[1mConsolidate compiler generated dependencies of target franka_example_controllers[0m
[100%] Built target franka_example_controllers
