[  0%] Built target roscpp_generate_messages_cpp
[  0%] Built target roscpp_generate_messages_nodejs
[  0%] Built target rosgraph_msgs_generate_messages_nodejs
[  0%] Built target rosgraph_msgs_generate_messages_cpp
[  0%] Built target dynamic_reconfigure_generate_messages_cpp
[  0%] Built target roscpp_generate_messages_lisp
[  0%] Built target std_msgs_generate_messages_nodejs
[  0%] Built target rosgraph_msgs_generate_messages_py
[  0%] Built target roscpp_generate_messages_eus
[  0%] Built target std_msgs_generate_messages_lisp
[  0%] Built target std_msgs_generate_messages_eus
[  0%] Built target roscpp_generate_messages_py
[  0%] Built target std_msgs_generate_messages_cpp
[  0%] Built target rosgraph_msgs_generate_messages_eus
[  0%] Built target rosgraph_msgs_generate_messages_lisp
[  0%] Built target std_msgs_generate_messages_py
[ 11%] Built target dynamic_reconfigure_generate_messages_eus
[ 14%] Built target dynamic_reconfigure_generate_messages_lisp
[ 14%] Built target dynamic_reconfigure_generate_messages_py
[ 14%] Built target dynamic_reconfigure_generate_messages_nodejs
[ 18%] Built target franka_example_controllers_gencfg
[ 18%] Built target geometry_msgs_generate_messages_lisp
[ 18%] Built target geometry_msgs_generate_messages_py
[ 18%] Built target _franka_example_controllers_generate_messages_check_deps_JointTorqueComparison
[ 18%] Built target dynamic_reconfigure_gencfg
[ 18%] Built target geometry_msgs_generate_messages_eus
[ 18%] Built target actionlib_msgs_generate_messages_py
[ 18%] Built target geometry_msgs_generate_messages_cpp
[ 18%] Built target actionlib_msgs_generate_messages_nodejs
[ 18%] Built target actionlib_generate_messages_cpp
[ 18%] Built target geometry_msgs_generate_messages_nodejs
[ 18%] Built target actionlib_msgs_generate_messages_eus
[ 18%] Built target actionlib_msgs_generate_messages_cpp
[ 18%] Built target actionlib_generate_messages_eus
[ 18%] Built target actionlib_msgs_generate_messages_lisp
[ 18%] Built target actionlib_generate_messages_nodejs
[ 18%] Built target actionlib_generate_messages_lisp
[ 18%] Built target std_srvs_generate_messages_cpp
[ 18%] Built target franka_msgs_generate_messages_eus
[ 18%] Built target std_srvs_generate_messages_eus
[ 18%] Built target std_srvs_generate_messages_nodejs
[ 18%] Built target sensor_msgs_generate_messages_cpp
[ 18%] Built target actionlib_generate_messages_py
[ 18%] Built target std_srvs_generate_messages_lisp
[ 18%] Built target sensor_msgs_generate_messages_eus
[ 18%] Built target franka_msgs_generate_messages_cpp
[ 18%] Built target sensor_msgs_generate_messages_lisp
[ 18%] Built target sensor_msgs_generate_messages_py
[ 18%] Built target franka_msgs_generate_messages_lisp
[ 18%] Built target std_srvs_generate_messages_py
[ 18%] Built target franka_msgs_generate_messages_nodejs
[ 18%] Built target franka_msgs_generate_messages_py
[ 18%] Built target franka_gripper_generate_messages_cpp
[ 18%] Built target sensor_msgs_generate_messages_nodejs
[ 18%] Built target franka_gripper_generate_messages_lisp
[ 18%] Built target franka_gripper_generate_messages_py
[ 18%] Built target franka_gripper_generate_messages_eus
[ 18%] Built target franka_gripper_generate_messages_nodejs
[ 18%] Built target control_msgs_generate_messages_nodejs
[ 18%] Built target control_msgs_generate_messages_lisp
[ 18%] Built target control_msgs_generate_messages_py
[ 18%] Built target trajectory_msgs_generate_messages_cpp
[ 18%] Built target control_msgs_generate_messages_cpp
[ 18%] Built target trajectory_msgs_generate_messages_py
[ 18%] Built target trajectory_msgs_generate_messages_lisp
[ 18%] Built target control_msgs_generate_messages_eus
[ 18%] Built target tf_generate_messages_nodejs
[ 18%] Built target trajectory_msgs_generate_messages_nodejs
[ 18%] Built target tf_generate_messages_py
[ 18%] Built target trajectory_msgs_generate_messages_eus
[ 18%] Built target tf_generate_messages_lisp
[ 18%] Built target tf_generate_messages_eus
[ 18%] Built target tf_generate_messages_cpp
[ 18%] Built target tf2_msgs_generate_messages_cpp
[ 18%] Built target tf2_msgs_generate_messages_lisp
[ 18%] Built target tf2_msgs_generate_messages_nodejs
[ 18%] Built target visualization_msgs_generate_messages_lisp
[ 18%] Built target tf2_msgs_generate_messages_eus
[ 18%] Built target visualization_msgs_generate_messages_eus
[ 18%] Built target tf2_msgs_generate_messages_py
[ 18%] Built target visualization_msgs_generate_messages_cpp
[ 18%] Built target visualization_msgs_generate_messages_nodejs
[ 25%] Built target franka_example_controllers_generate_messages_nodejs
[ 29%] Built target franka_example_controllers_generate_messages_py
[ 33%] Built target visualization_msgs_generate_messages_py
[ 44%] Built target franka_example_controllers_generate_messages_cpp
[ 44%] Built target franka_example_controllers_generate_messages_lisp
[ 44%] Built target franka_example_controllers_generate_messages_eus
[ 44%] Built target franka_example_controllers_gencpp
[ 44%] Built target franka_example_controllers_generate_messages
[35m[1mConsolidate compiler generated dependencies of target teleop_gripper_node[0m
[35m[1mConsolidate compiler generated dependencies of target franka_example_controllers[0m
[ 48%] [32mBuilding CXX object CMakeFiles/teleop_gripper_node.dir/src/teleop_gripper_node.cpp.o[0m
[ 51%] [32mBuilding CXX object CMakeFiles/franka_example_controllers.dir/src/cartesian_velocity_example_controller.cpp.o[0m
[ 62%] [32mBuilding CXX object CMakeFiles/franka_example_controllers.dir/src/model_example_controller.cpp.o[0m
[ 62%] [32mBuilding CXX object CMakeFiles/franka_example_controllers.dir/src/joint_velocity_example_controller.cpp.o[0m
[ 62%] [32mBuilding CXX object CMakeFiles/franka_example_controllers.dir/src/joint_impedance_example_controller.cpp.o[0m
[ 70%] [32mBuilding CXX object CMakeFiles/franka_example_controllers.dir/src/cartesian_pose_example_controller.cpp.o[0m
[ 70%] [32mBuilding CXX object CMakeFiles/franka_example_controllers.dir/src/elbow_example_controller.cpp.o[0m
[ 74%] [32mBuilding CXX object CMakeFiles/franka_example_controllers.dir/src/joint_position_example_controller.cpp.o[0m
[ 77%] [32mBuilding CXX object CMakeFiles/franka_example_controllers.dir/src/cartesian_impedance_example_controller.cpp.o[0m
[ 81%] [32mBuilding CXX object CMakeFiles/franka_example_controllers.dir/src/force_example_controller.cpp.o[0m
[ 88%] [32mBuilding CXX object CMakeFiles/franka_example_controllers.dir/src/teleop_joint_pd_example_controller.cpp.o[0m
[ 88%] [32mBuilding CXX object CMakeFiles/franka_example_controllers.dir/src/joint_wall.cpp.o[0m
[ 92%] [32mBuilding CXX object CMakeFiles/franka_example_controllers.dir/src/dual_arm_cartesian_impedance_example_controller.cpp.o[0m
[ 96%] [32m[1mLinking CXX executable /uolstore/home/users/sc23j3k/bimanual_control/bimanual_ws/devel/lib/franka_example_controllers/teleop_gripper_node[0m
[ 96%] Built target teleop_gripper_node
[100%] [32m[1mLinking CXX shared library /uolstore/home/users/sc23j3k/bimanual_control/bimanual_ws/devel/lib/libfranka_example_controllers.so[0m
[100%] Built target franka_example_controllers
