[  0%] Built target roscpp_generate_messages_cpp
[  0%] Built target roscpp_generate_messages_nodejs
[  0%] Built target rosgraph_msgs_generate_messages_cpp
[  3%] [34m[1mGenerating dynamic reconfigure files from cfg/desired_mass_param.cfg: /uolstore/home/users/sc23j3k/bimanual_control/bimanual_ws/devel/include/franka_example_controllers/desired_mass_paramConfig.h /uolstore/home/users/sc23j3k/bimanual_control/bimanual_ws/devel/lib/python3/dist-packages/franka_example_controllers/cfg/desired_mass_paramConfig.py[0m
[  3%] Built target std_msgs_generate_messages_nodejs
[  3%] Built target std_msgs_generate_messages_eus
[  7%] [34m[1mGenerating dynamic reconfigure files from cfg/dual_arm_compliance_param.cfg: /uolstore/home/users/sc23j3k/bimanual_control/bimanual_ws/devel/include/franka_example_controllers/dual_arm_compliance_paramConfig.h /uolstore/home/users/sc23j3k/bimanual_control/bimanual_ws/devel/lib/python3/dist-packages/franka_example_controllers/cfg/dual_arm_compliance_paramConfig.py[0m
[  7%] Built target roscpp_generate_messages_py
[  7%] Built target roscpp_generate_messages_lisp
[  7%] Built target rosgraph_msgs_generate_messages_eus
[ 11%] Built target roscpp_generate_messages_eus
[ 11%] Built target std_msgs_generate_messages_cpp
[ 11%] Built target rosgraph_msgs_generate_messages_nodejs
[ 11%] [34m[1mGenerating dynamic reconfigure files from cfg/compliance_param.cfg: /uolstore/home/users/sc23j3k/bimanual_control/bimanual_ws/devel/include/franka_example_controllers/compliance_paramConfig.h /uolstore/home/users/sc23j3k/bimanual_control/bimanual_ws/devel/lib/python3/dist-packages/franka_example_controllers/cfg/compliance_paramConfig.py[0m
[ 11%] Built target std_msgs_generate_messages_lisp
[ 11%] Built target rosgraph_msgs_generate_messages_py
[ 14%] Built target rosgraph_msgs_generate_messages_lisp
[ 14%] [34m[1mGenerating dynamic reconfigure files from cfg/teleop_param.cfg: /uolstore/home/users/sc23j3k/bimanual_control/bimanual_ws/devel/include/franka_example_controllers/teleop_paramConfig.h /uolstore/home/users/sc23j3k/bimanual_control/bimanual_ws/devel/lib/python3/dist-packages/franka_example_controllers/cfg/teleop_paramConfig.py[0m
[ 18%] [34m[1mGenerating dynamic reconfigure files from cfg/teleop_gripper_param.cfg: /uolstore/home/users/sc23j3k/bimanual_control/bimanual_ws/devel/include/franka_example_controllers/teleop_gripper_paramConfig.h /uolstore/home/users/sc23j3k/bimanual_control/bimanual_ws/devel/lib/python3/dist-packages/franka_example_controllers/cfg/teleop_gripper_paramConfig.py[0m
[ 18%] Built target std_msgs_generate_messages_py
[ 18%] Built target dynamic_reconfigure_generate_messages_eus
[ 18%] Built target dynamic_reconfigure_generate_messages_cpp
[ 18%] Built target dynamic_reconfigure_generate_messages_nodejs
[ 18%] Built target geometry_msgs_generate_messages_cpp
[ 18%] Built target dynamic_reconfigure_generate_messages_py
[ 18%] Built target geometry_msgs_generate_messages_lisp
[ 18%] Built target geometry_msgs_generate_messages_eus
[ 18%] Built target dynamic_reconfigure_gencfg
[ 18%] Built target _franka_example_controllers_generate_messages_check_deps_JointTorqueComparison
[ 18%] Built target dynamic_reconfigure_generate_messages_lisp
Generating reconfiguration files for compliance_param in franka_example_controllers
[ 18%] Built target geometry_msgs_generate_messages_nodejs
Wrote header file in /uolstore/home/users/sc23j3k/bimanual_control/bimanual_ws/devel/include/franka_example_controllers/compliance_paramConfig.h
Generating reconfiguration files for desired_mass_param in franka_example_controllers
Generating reconfiguration files for dual_arm_compliance_param in franka_combined_example_controllers
[ 18%] Built target geometry_msgs_generate_messages_py
Generating reconfiguration files for teleop_gripper_param in franka_example_controllers
Wrote header file in /uolstore/home/users/sc23j3k/bimanual_control/bimanual_ws/devel/include/franka_example_controllers/dual_arm_compliance_paramConfig.h
Wrote header file in /uolstore/home/users/sc23j3k/bimanual_control/bimanual_ws/devel/include/franka_example_controllers/desired_mass_paramConfig.h
Wrote header file in /uolstore/home/users/sc23j3k/bimanual_control/bimanual_ws/devel/include/franka_example_controllers/teleop_gripper_paramConfig.h
Generating reconfiguration files for teleop_param in franka_example_controllers
[ 18%] Built target actionlib_msgs_generate_messages_eus
[ 18%] Built target actionlib_msgs_generate_messages_cpp
Wrote header file in /uolstore/home/users/sc23j3k/bimanual_control/bimanual_ws/devel/include/franka_example_controllers/teleop_paramConfig.h
[ 18%] Built target actionlib_msgs_generate_messages_py
[ 18%] Built target actionlib_generate_messages_cpp
[ 18%] Built target actionlib_msgs_generate_messages_nodejs
[ 18%] Built target actionlib_msgs_generate_messages_lisp
[ 18%] Built target actionlib_generate_messages_nodejs
[ 18%] Built target actionlib_generate_messages_eus
[ 18%] Built target actionlib_generate_messages_lisp
[ 18%] Built target actionlib_generate_messages_py
[ 18%] Built target std_srvs_generate_messages_cpp
[ 18%] Built target std_srvs_generate_messages_nodejs
[ 18%] Built target std_srvs_generate_messages_eus
[ 18%] Built target franka_msgs_generate_messages_nodejs
[ 18%] Built target franka_msgs_generate_messages_cpp
[ 18%] Built target franka_msgs_generate_messages_py
[ 18%] Built target std_srvs_generate_messages_py
[ 18%] Built target std_srvs_generate_messages_lisp
[ 18%] Built target sensor_msgs_generate_messages_eus
[ 18%] Built target sensor_msgs_generate_messages_lisp
[ 18%] Built target franka_msgs_generate_messages_lisp
[ 18%] Built target sensor_msgs_generate_messages_nodejs
[ 18%] Built target franka_msgs_generate_messages_eus
[ 18%] Built target sensor_msgs_generate_messages_cpp
[ 18%] Built target sensor_msgs_generate_messages_py
[ 18%] Built target franka_gripper_generate_messages_cpp
[ 18%] Built target franka_gripper_generate_messages_eus
[ 18%] Built target franka_gripper_generate_messages_lisp
[ 18%] Built target franka_gripper_generate_messages_py
[ 18%] Built target control_msgs_generate_messages_cpp
[ 18%] Built target control_msgs_generate_messages_eus
[ 18%] Built target franka_gripper_generate_messages_nodejs
[ 18%] Built target trajectory_msgs_generate_messages_lisp
[ 18%] Built target trajectory_msgs_generate_messages_py
[ 18%] Built target control_msgs_generate_messages_py
[ 18%] Built target control_msgs_generate_messages_nodejs
[ 18%] Built target control_msgs_generate_messages_lisp
[ 18%] Built target trajectory_msgs_generate_messages_eus
[ 18%] Built target tf_generate_messages_cpp
[ 18%] Built target trajectory_msgs_generate_messages_cpp
[ 18%] Built target franka_example_controllers_gencfg
[ 18%] Built target tf_generate_messages_eus
[ 18%] Built target trajectory_msgs_generate_messages_nodejs
[ 18%] Built target tf_generate_messages_lisp
[ 18%] Built target tf_generate_messages_py
[ 18%] Built target tf2_msgs_generate_messages_eus
[ 18%] Built target tf2_msgs_generate_messages_lisp
[ 18%] Built target tf2_msgs_generate_messages_nodejs
[ 18%] Built target visualization_msgs_generate_messages_py
[ 18%] Built target tf_generate_messages_nodejs
[ 18%] Built target tf2_msgs_generate_messages_cpp
[ 18%] Built target visualization_msgs_generate_messages_eus
[ 25%] [34m[1mGenerating C++ code from franka_example_controllers/JointTorqueComparison.msg[0m
[ 25%] [34m[1mGenerating EusLisp code from franka_example_controllers/JointTorqueComparison.msg[0m
[ 25%] Built target visualization_msgs_generate_messages_cpp
[ 25%] Built target visualization_msgs_generate_messages_lisp
[ 25%] Built target tf2_msgs_generate_messages_py
[ 25%] Built target visualization_msgs_generate_messages_nodejs
[ 33%] [34m[1mGenerating Python from MSG franka_example_controllers/JointTorqueComparison[0m
[ 33%] [34m[1mGenerating Lisp code from franka_example_controllers/JointTorqueComparison.msg[0m
[ 40%] [34m[1mGenerating Javascript code from franka_example_controllers/JointTorqueComparison.msg[0m
[ 40%] [34m[1mGenerating EusLisp manifest code for franka_example_controllers[0m
[ 40%] Built target franka_example_controllers_generate_messages_cpp
[ 40%] Built target franka_example_controllers_generate_messages_nodejs
[ 40%] Built target franka_example_controllers_generate_messages_lisp
[ 40%] Built target franka_example_controllers_gencpp
[ 44%] [34m[1mGenerating Python msg __init__.py for franka_example_controllers[0m
[ 44%] Built target franka_example_controllers_generate_messages_py
[ 44%] Built target franka_example_controllers_generate_messages_eus
[ 44%] Built target franka_example_controllers_generate_messages
[ 48%] [32mBuilding CXX object CMakeFiles/teleop_gripper_node.dir/src/teleop_gripper_node.cpp.o[0m
[ 59%] [32mBuilding CXX object CMakeFiles/franka_example_controllers.dir/src/cartesian_pose_example_controller.cpp.o[0m
[ 62%] [32mBuilding CXX object CMakeFiles/franka_example_controllers.dir/src/joint_position_example_controller.cpp.o[0m
[ 70%] [32mBuilding CXX object CMakeFiles/franka_example_controllers.dir/src/model_example_controller.cpp.o[0m
[ 70%] [32mBuilding CXX object CMakeFiles/franka_example_controllers.dir/src/cartesian_velocity_example_controller.cpp.o[0m
[ 74%] [32mBuilding CXX object CMakeFiles/franka_example_controllers.dir/src/dual_arm_cartesian_impedance_example_controller.cpp.o[0m
[ 77%] [32mBuilding CXX object CMakeFiles/franka_example_controllers.dir/src/joint_impedance_example_controller.cpp.o[0m
[ 81%] [32mBuilding CXX object CMakeFiles/franka_example_controllers.dir/src/elbow_example_controller.cpp.o[0m
[ 81%] [32mBuilding CXX object CMakeFiles/franka_example_controllers.dir/src/joint_wall.cpp.o[0m
[ 88%] [32mBuilding CXX object CMakeFiles/franka_example_controllers.dir/src/joint_velocity_example_controller.cpp.o[0m
[ 92%] [32mBuilding CXX object CMakeFiles/franka_example_controllers.dir/src/force_example_controller.cpp.o[0m
[ 92%] [32mBuilding CXX object CMakeFiles/franka_example_controllers.dir/src/cartesian_impedance_example_controller.cpp.o[0m
[ 92%] [32mBuilding CXX object CMakeFiles/franka_example_controllers.dir/src/teleop_joint_pd_example_controller.cpp.o[0m
[ 96%] [32m[1mLinking CXX executable /uolstore/home/users/sc23j3k/bimanual_control/bimanual_ws/devel/lib/franka_example_controllers/teleop_gripper_node[0m
[ 96%] Built target teleop_gripper_node
[100%] [32m[1mLinking CXX shared library /uolstore/home/users/sc23j3k/bimanual_control/bimanual_ws/devel/lib/libfranka_example_controllers.so[0m
[100%] Built target franka_example_controllers
