[0mCMake Deprecation Warning at /usr/src/googletest/CMakeLists.txt:4 (cmake_minimum_required):
  Compatibility with CMake < 2.8.12 will be removed from a future version of
  CMake.

  Update the VERSION argument <min> value or use a ...<max> suffix to tell
  CMake that the project does not need compatibility with older versions.

[0m
[0mCMake Deprecation Warning at /usr/src/googletest/googlemock/CMakeLists.txt:45 (cmake_minimum_required):
  Compatibility with CMake < 2.8.12 will be removed from a future version of
  CMake.

  Update the VERSION argument <min> value or use a ...<max> suffix to tell
  CMake that the project does not need compatibility with older versions.

[0m
[0mCMake Deprecation Warning at /usr/src/googletest/googletest/CMakeLists.txt:56 (cmake_minimum_required):
  Compatibility with CMake < 2.8.12 will be removed from a future version of
  CMake.

  Update the VERSION argument <min> value or use a ...<max> suffix to tell
  CMake that the project does not need compatibility with older versions.

[0m
[33mCMake Warning at /opt/ros/noetic/share/catkin/cmake/catkin_package.cmake:166 (message):
  catkin_package() DEPENDS on 'Eigen3' but neither 'Eigen3_INCLUDE_DIRS' nor
  'Eigen3_LIBRARIES' is defined.
[36mCall Stack (most recent call first):[0m
  /opt/ros/noetic/share/catkin/cmake/catkin_package.cmake:102 (_catkin_package)
  CMakeLists.txt:6 (catkin_package)

[0m
[33mCMake Warning at CMakeLists.txt:8 (add_library):
  Cannot generate a safe runtime search path for target
  panda_bottle_pose_controller because files in some directories may conflict
  with libraries in implicit directories:

    runtime library [liburdfdom_sensor.so.1.0] in /usr/lib/x86_64-linux-gnu may be hidden by files in:
      /uolstore/home/users/sc23j3k/.local/lib
    runtime library [liburdfdom_model_state.so.1.0] in /usr/lib/x86_64-linux-gnu may be hidden by files in:
      /uolstore/home/users/sc23j3k/.local/lib
    runtime library [liburdfdom_model.so.1.0] in /usr/lib/x86_64-linux-gnu may be hidden by files in:
      /uolstore/home/users/sc23j3k/.local/lib
    runtime library [liburdfdom_world.so.1.0] in /usr/lib/x86_64-linux-gnu may be hidden by files in:
      /uolstore/home/users/sc23j3k/.local/lib

  Some of these libraries may not be found correctly.

[0m
