[0mCMake Deprecation Warning at /usr/src/googletest/CMakeLists.txt:4 (cmake_minimum_required):
  Compatibility with CMake < 2.8.12 will be removed from a future version of
  CMake.

  Update the VERSION argument <min> value or use a ...<max> suffix to tell
  CMake that the project does not need compatibility with older versions.

[0m
[0mCMake Deprecation Warning at /usr/src/googletest/googlemock/CMakeLists.txt:45 (cmake_minimum_required):
  Compatibility with CMake < 2.8.12 will be removed from a future version of
  CMake.

  Update the VERSION argument <min> value or use a ...<max> suffix to tell
  CMake that the project does not need compatibility with older versions.

[0m
[0mCMake Deprecation Warning at /usr/src/googletest/googletest/CMakeLists.txt:56 (cmake_minimum_required):
  Compatibility with CMake < 2.8.12 will be removed from a future version of
  CMake.

  Update the VERSION argument <min> value or use a ...<max> suffix to tell
  CMake that the project does not need compatibility with older versions.

[0m
[33mCMake Warning at CMakeLists.txt:40 (add_library):
  Cannot generate a safe runtime search path for target mujoco_ros_laser
  because files in some directories may conflict with libraries in implicit
  directories:

    runtime library [liburdfdom_sensor.so.1.0] in /usr/lib/x86_64-linux-gnu may be hidden by files in:
      /uolstore/home/users/sc23j3k/.local/lib
    runtime library [liburdfdom_model_state.so.1.0] in /usr/lib/x86_64-linux-gnu may be hidden by files in:
      /uolstore/home/users/sc23j3k/.local/lib
    runtime library [liburdfdom_model.so.1.0] in /usr/lib/x86_64-linux-gnu may be hidden by files in:
      /uolstore/home/users/sc23j3k/.local/lib
    runtime library [liburdfdom_world.so.1.0] in /usr/lib/x86_64-linux-gnu may be hidden by files in:
      /uolstore/home/users/sc23j3k/.local/lib

  Some of these libraries may not be found correctly.

[0m
[33mCMake Warning at /opt/ros/noetic/share/rostest/cmake/rostest-extras.cmake:75 (add_executable):
  Cannot generate a safe runtime search path for target mujoco_ros_laser_test
  because files in some directories may conflict with libraries in implicit
  directories:

    runtime library [liburdfdom_sensor.so.1.0] in /usr/lib/x86_64-linux-gnu may be hidden by files in:
      /uolstore/home/users/sc23j3k/.local/lib
    runtime library [liburdfdom_model_state.so.1.0] in /usr/lib/x86_64-linux-gnu may be hidden by files in:
      /uolstore/home/users/sc23j3k/.local/lib
    runtime library [liburdfdom_model.so.1.0] in /usr/lib/x86_64-linux-gnu may be hidden by files in:
      /uolstore/home/users/sc23j3k/.local/lib
    runtime library [liburdfdom_world.so.1.0] in /usr/lib/x86_64-linux-gnu may be hidden by files in:
      /uolstore/home/users/sc23j3k/.local/lib

  Some of these libraries may not be found correctly.
[36mCall Stack (most recent call first):[0m
  /opt/ros/noetic/share/rostest/cmake/rostest-extras.cmake:100 (_add_rostest_google_test)
  test/CMakeLists.txt:3 (add_rostest_gtest)

[0m
