[  0%] Built target roscpp_generate_messages_lisp
[  0%] Built target control_msgs_generate_messages_cpp
[  0%] Built target control_msgs_generate_messages_lisp
[  0%] Built target std_msgs_generate_messages_nodejs
[  0%] Built target roscpp_generate_messages_py
[  0%] Built target rosgraph_msgs_generate_messages_eus
[  0%] Built target rosgraph_msgs_generate_messages_nodejs
[  0%] Built target roscpp_generate_messages_cpp
[  0%] Built target roscpp_generate_messages_nodejs
[  0%] Built target rosgraph_msgs_generate_messages_py
[  0%] Built target roscpp_generate_messages_eus
[  0%] Built target mujoco_ros_msgs_generate_messages_py
[  0%] Built target rosgraph_msgs_generate_messages_lisp
[  0%] Built target rosgraph_msgs_generate_messages_cpp
[  0%] Built target std_msgs_generate_messages_py
[  0%] Built target std_msgs_generate_messages_cpp
[  0%] Built target std_msgs_generate_messages_lisp
[  0%] Built target control_msgs_generate_messages_eus
[  0%] Built target control_msgs_generate_messages_nodejs
[  0%] Built target std_msgs_generate_messages_eus
[  0%] Built target control_msgs_generate_messages_py
[  0%] Built target actionlib_msgs_generate_messages_lisp
[  0%] Built target actionlib_msgs_generate_messages_cpp
[  0%] Built target actionlib_msgs_generate_messages_eus
[  0%] Built target geometry_msgs_generate_messages_eus
[  0%] Built target geometry_msgs_generate_messages_lisp
[  0%] Built target actionlib_generate_messages_cpp
[  0%] Built target actionlib_msgs_generate_messages_nodejs
[  0%] Built target geometry_msgs_generate_messages_cpp
[  0%] Built target actionlib_msgs_generate_messages_py
[  0%] Built target trajectory_msgs_generate_messages_eus
[  0%] Built target geometry_msgs_generate_messages_py
[  0%] Built target geometry_msgs_generate_messages_nodejs
[  0%] Built target actionlib_generate_messages_lisp
[  0%] Built target trajectory_msgs_generate_messages_cpp
[  0%] Built target actionlib_generate_messages_py
[  0%] Built target trajectory_msgs_generate_messages_nodejs
[  0%] Built target trajectory_msgs_generate_messages_py
[  0%] Built target trajectory_msgs_generate_messages_lisp
[  0%] Built target actionlib_generate_messages_nodejs
[  0%] Built target actionlib_generate_messages_eus
[  0%] Built target tf2_msgs_generate_messages_cpp
[  0%] Built target tf2_msgs_generate_messages_eus
[  0%] Built target tf2_msgs_generate_messages_lisp
[  0%] Built target tf2_msgs_generate_messages_nodejs
[  0%] Built target tf2_msgs_generate_messages_py
[  0%] Built target control_toolbox_generate_messages_lisp
[  0%] Built target dynamic_reconfigure_generate_messages_nodejs
[  0%] Built target dynamic_reconfigure_generate_messages_py
[  0%] Built target control_toolbox_generate_messages_cpp
[  0%] Built target control_toolbox_generate_messages_eus
[  0%] Built target dynamic_reconfigure_generate_messages_cpp
[  0%] Built target control_toolbox_generate_messages_py
[  0%] Built target control_toolbox_gencfg
[  0%] Built target control_toolbox_generate_messages_nodejs
[  0%] Built target controller_manager_msgs_generate_messages_cpp
[  0%] Built target dynamic_reconfigure_gencfg
[  0%] Built target dynamic_reconfigure_generate_messages_lisp
[  0%] Built target controller_manager_msgs_generate_messages_py
[  0%] Built target dynamic_reconfigure_generate_messages_eus
[  0%] Built target controller_manager_msgs_generate_messages_nodejs
[  0%] Built target controller_manager_msgs_generate_messages_eus
[  0%] Built target std_srvs_generate_messages_eus
[  0%] Built target controller_manager_msgs_generate_messages_lisp
[  0%] Built target std_srvs_generate_messages_lisp
[  0%] Built target std_srvs_generate_messages_py
[  0%] Built target std_srvs_generate_messages_cpp
[  0%] Built target franka_msgs_generate_messages_cpp
[  0%] Built target std_srvs_generate_messages_nodejs
[  0%] Built target franka_msgs_generate_messages_py
[  0%] Built target franka_msgs_generate_messages_nodejs
[  0%] Built target sensor_msgs_generate_messages_eus
[  0%] Built target sensor_msgs_generate_messages_lisp
[  0%] Built target franka_msgs_generate_messages_eus
[  0%] Built target sensor_msgs_generate_messages_py
[  0%] Built target sensor_msgs_generate_messages_cpp
[  0%] Built target franka_gripper_generate_messages_py
[  0%] Built target franka_gripper_generate_messages_nodejs
[  0%] Built target sensor_msgs_generate_messages_nodejs
[  0%] Built target franka_example_controllers_generate_messages_eus
[  0%] Built target franka_gripper_generate_messages_cpp
[  0%] Built target franka_example_controllers_generate_messages_nodejs
[  0%] Built target franka_msgs_generate_messages_lisp
[  0%] Built target franka_example_controllers_generate_messages_lisp
[  0%] Built target franka_gripper_generate_messages_lisp
[  0%] Built target franka_example_controllers_generate_messages_cpp
[  0%] Built target tf_generate_messages_cpp
[  0%] Built target franka_gripper_generate_messages_eus
[  0%] Built target tf_generate_messages_eus
[  0%] Built target tf_generate_messages_lisp
[  0%] Built target franka_example_controllers_gencfg
[  0%] Built target tf_generate_messages_py
[  0%] Built target franka_example_controllers_generate_messages_py
[  0%] Built target visualization_msgs_generate_messages_lisp
[  0%] Built target visualization_msgs_generate_messages_cpp
[  0%] Built target visualization_msgs_generate_messages_nodejs
[  0%] Built target visualization_msgs_generate_messages_py
[  0%] Built target mujoco_ros_msgs_generate_messages_cpp
[  0%] Built target mujoco_ros_gencfg
[  0%] Built target tf_generate_messages_nodejs
[  0%] Built target mujoco_ros_msgs_generate_messages_nodejs
[  0%] Built target visualization_msgs_generate_messages_eus
[  0%] Built target mujoco_ros_msgs_generate_messages_lisp
[  0%] Built target mujoco_ros_msgs_generate_messages_eus
[35m[1mConsolidate compiler generated dependencies of target franka_gripper_sim_mujoco[0m
[35m[1mConsolidate compiler generated dependencies of target franka_hw_sim_mujoco[0m
[ 14%] [32mBuilding CXX object CMakeFiles/franka_gripper_sim_mujoco.dir/src/franka_gripper_mujoco.cpp.o[0m
[ 28%] [32mBuilding CXX object CMakeFiles/franka_hw_sim_mujoco.dir/src/joint.cpp.o[0m
[ 57%] [32mBuilding CXX object CMakeFiles/franka_hw_sim_mujoco.dir/src/model_kdl.cpp.o[0m
[ 57%] [32mBuilding CXX object CMakeFiles/franka_hw_sim_mujoco.dir/src/controller_verifier.cpp.o[0m
[ 71%] [32mBuilding CXX object CMakeFiles/franka_hw_sim_mujoco.dir/src/franka_hw_mujoco.cpp.o[0m
In file included from [01m[K/usr/include/eigen3/Eigen/Core:366[m[K,
                 from [01m[K/uolstore/home/users/sc23j3k/bimanual_control/bimanual_ws/src/franka_ros/franka_example_controllers/include/franka_example_controllers/pseudo_inversion.h:10[m[K,
                 from [01m[K/uolstore/home/users/sc23j3k/bimanual_control/bimanual_ws/src/franka_ros_mujoco/src/franka_hw_mujoco.cpp:71[m[K:
/usr/include/eigen3/Eigen/src/Core/AssignEvaluator.h: In instantiation of ‘[01m[Kvoid Eigen::internal::call_assignment_no_alias(Dst&, const Src&, const Func&) [with Dst = Eigen::Matrix<double, 7, 6>; Src = Eigen::Inverse<Eigen::CompleteOrthogonalDecomposition<Eigen::Matrix<double, 6, 7> > >; Func = Eigen::internal::assign_op<double, double>][m[K’:
[01m[K/usr/include/eigen3/Eigen/src/Core/PlainObjectBase.h:732:41:[m[K   required from ‘[01m[KDerived& Eigen::PlainObjectBase<Derived>::_set_noalias(const Eigen::DenseBase<OtherDerived>&) [with OtherDerived = Eigen::Inverse<Eigen::CompleteOrthogonalDecomposition<Eigen::Matrix<double, 6, 7> > >; Derived = Eigen::Matrix<double, 7, 6>][m[K’
[01m[K/usr/include/eigen3/Eigen/src/Core/PlainObjectBase.h:537:7:[m[K   required from ‘[01m[KEigen::PlainObjectBase<Derived>::PlainObjectBase(const Eigen::DenseBase<OtherDerived>&) [with OtherDerived = Eigen::Inverse<Eigen::CompleteOrthogonalDecomposition<Eigen::Matrix<double, 6, 7> > >; Derived = Eigen::Matrix<double, 7, 6>][m[K’
[01m[K/usr/include/eigen3/Eigen/src/Core/Matrix.h:377:29:[m[K   required from ‘[01m[KEigen::Matrix<_Scalar, _Rows, _Cols, _Options, _MaxRows, _MaxCols>::Matrix(const Eigen::EigenBase<OtherDerived>&) [with OtherDerived = Eigen::Inverse<Eigen::CompleteOrthogonalDecomposition<Eigen::Matrix<double, 6, 7> > >; _Scalar = double; int _Rows = 7; int _Cols = 6; int _Options = 0; int _MaxRows = 7; int _MaxCols = 6][m[K’
[01m[K/uolstore/home/users/sc23j3k/bimanual_control/bimanual_ws/src/franka_ros_mujoco/src/franka_hw_mujoco.cpp:615:87:[m[K   required from here
[01m[K/usr/include/eigen3/Eigen/src/Core/AssignEvaluator.h:833:3:[m[K [01;31m[Kerror: [m[Kstatic assertion failed: YOU_MIXED_MATRICES_OF_DIFFERENT_SIZES
  833 |   [01;31m[KEIGEN_STATIC_ASSERT_SAME_MATRIX_SIZE[m[K(ActualDstTypeCleaned,Src)
      |   [01;31m[K^~~~~~~~~~~~~~~~~~~~~~~~~~~~~~~~~~~~[m[K
[ 85%] [32m[1mLinking CXX shared library /uolstore/home/users/sc23j3k/bimanual_control/bimanual_ws/devel/lib/libfranka_gripper_sim_mujoco.so[0m
[ 85%] Built target franka_gripper_sim_mujoco
make[2]: *** [CMakeFiles/franka_hw_sim_mujoco.dir/build.make:76: CMakeFiles/franka_hw_sim_mujoco.dir/src/franka_hw_mujoco.cpp.o] Error 1
make[1]: *** [CMakeFiles/Makefile2:3224: CMakeFiles/franka_hw_sim_mujoco.dir/all] Error 2
make: *** [Makefile:146: all] Error 2
